{
    "tracking - localtracking - stub-run": {
        "content": [
            [
                "versions.yml:md5,41da614d165b00ef27240b3190bd8ac3"
            ]
        ],
        "meta": {
            "nf-test": "0.9.3",
            "nextflow": "25.10.2"
        },
        "timestamp": "2026-02-26T15:14:29.056338542"
    },
    "tracking - localtracking - wm": {
        "content": [
            "test__local_tracking.trk",
            [
                [
                    {
                        "id": "test",
                        "single_end": false
                    },
                    "test__local_tracking_config.json:md5,5eac37e6262a85d8d1b33c92e1f35796"
                ]
            ],
            [
                [
                    {
                        "id": "test",
                        "single_end": false
                    },
                    "test__local_seeding_mask.nii.gz:md5,0e098ec82a05ceaa2e94073510cbcdee"
                ]
            ],
            [
                [
                    {
                        "id": "test",
                        "single_end": false
                    },
                    "test__local_tracking_mask.nii.gz:md5,0e098ec82a05ceaa2e94073510cbcdee"
                ]
            ],
            [
                "versions.yml:md5,41da614d165b00ef27240b3190bd8ac3"
            ]
        ],
        "meta": {
            "nf-test": "0.9.3",
            "nextflow": "25.10.2"
        },
        "timestamp": "2026-02-26T15:14:17.186632245"
    },
    "tracking - localtracking - fa": {
        "content": [
            "test__local_tracking.trk",
            [
                [
                    {
                        "id": "test",
                        "single_end": false
                    },
                    "test__local_tracking_config.json:md5,6b2210436b4008b80969d2f08d0f0b68"
                ]
            ],
            [
                [
                    {
                        "id": "test",
                        "single_end": false
                    },
                    "test__local_seeding_mask.nii.gz:md5,0484a2e44ff153caa79819a8646cc33c"
                ]
            ],
            [
                [
                    {
                        "id": "test",
                        "single_end": false
                    },
                    "test__local_tracking_mask.nii.gz:md5,0484a2e44ff153caa79819a8646cc33c"
                ]
            ],
            [
                "versions.yml:md5,41da614d165b00ef27240b3190bd8ac3"
            ]
        ],
        "meta": {
            "nf-test": "0.9.3",
            "nextflow": "25.10.2"
        },
        "timestamp": "2026-02-26T15:14:01.677679126"
    }
}