{
    "Read BIDS directory - with .bidsignore": {
        "content": [
            {
                "ch_aparc_aseg": [
                    [
                        {
                            "id": "sub-01",
                            "session": "ses-001",
                            "run": "",
                            "dwi_tr": 0.062,
                            "dwi_phase": "",
                            "dwi_revphase": ""
                        }
                    ]
                ],
                "ch_dwi_bval_bvec": [
                    [
                        {
                            "id": "sub-01",
                            "session": "ses-001",
                            "run": "",
                            "dwi_tr": 0.062,
                            "dwi_phase": "",
                            "dwi_revphase": ""
                        },
                        "sub-01_ses-001_dir-AP_dwi.nii.gz",
                        "sub-01_ses-001_dir-AP_dwi.bval",
                        "sub-01_ses-001_dir-AP_dwi.bvec"
                    ]
                ],
                "ch_rev_b0": [
                    [
                        {
                            "id": "sub-01",
                            "session": "ses-001",
                            "run": "",
                            "dwi_tr": 0.062,
                            "dwi_phase": "",
                            "dwi_revphase": ""
                        },
                        "sub-01_ses-001_dir-PA_epi.nii.gz"
                    ]
                ],
                "ch_rev_dwi_bval_bvec": [
                    [
                        {
                            "id": "sub-01",
                            "session": "ses-001",
                            "run": "",
                            "dwi_tr": 0.062,
                            "dwi_phase": "",
                            "dwi_revphase": ""
                        }
                    ]
                ],
                "ch_t1": [
                    [
                        {
                            "id": "sub-01",
                            "session": "ses-001",
                            "run": "",
                            "dwi_tr": 0.062,
                            "dwi_phase": "",
                            "dwi_revphase": ""
                        },
                        "sub-01_ses-001_T1w.nii.gz"
                    ]
                ],
                "ch_wmparc": [
                    [
                        {
                            "id": "sub-01",
                            "session": "ses-001",
                            "run": "",
                            "dwi_tr": 0.062,
                            "dwi_phase": "",
                            "dwi_revphase": ""
                        }
                    ]
                ],
                "versions": [
                    "versions.yml:md5,8ed33155f08fd41a1eba1a8ab5e2f344"
                ]
            }
        ],
        "meta": {
            "nf-test": "0.9.3",
            "nextflow": "25.10.2"
        },
        "timestamp": "2026-02-26T14:28:05.746542407"
    },
    "Read BIDS directory - without .bidsignore": {
        "content": [
            {
                "ch_aparc_aseg": [
                    [
                        {
                            "id": "sub-01",
                            "session": "ses-001",
                            "run": "",
                            "dwi_tr": 0.062,
                            "dwi_phase": "",
                            "dwi_revphase": ""
                        }
                    ]
                ],
                "ch_dwi_bval_bvec": [
                    [
                        {
                            "id": "sub-01",
                            "session": "ses-001",
                            "run": "",
                            "dwi_tr": 0.062,
                            "dwi_phase": "",
                            "dwi_revphase": ""
                        },
                        "sub-01_ses-001_dir-AP_dwi.nii.gz",
                        "sub-01_ses-001_dir-AP_dwi.bval",
                        "sub-01_ses-001_dir-AP_dwi.bvec"
                    ]
                ],
                "ch_rev_b0": [
                    [
                        {
                            "id": "sub-01",
                            "session": "ses-001",
                            "run": "",
                            "dwi_tr": 0.062,
                            "dwi_phase": "",
                            "dwi_revphase": ""
                        },
                        "sub-01_ses-001_dir-PA_epi.nii.gz"
                    ]
                ],
                "ch_rev_dwi_bval_bvec": [
                    [
                        {
                            "id": "sub-01",
                            "session": "ses-001",
                            "run": "",
                            "dwi_tr": 0.062,
                            "dwi_phase": "",
                            "dwi_revphase": ""
                        }
                    ]
                ],
                "ch_t1": [
                    [
                        {
                            "id": "sub-01",
                            "session": "ses-001",
                            "run": "",
                            "dwi_tr": 0.062,
                            "dwi_phase": "",
                            "dwi_revphase": ""
                        },
                        "sub-01_ses-001_T1w.nii.gz"
                    ]
                ],
                "ch_wmparc": [
                    [
                        {
                            "id": "sub-01",
                            "session": "ses-001",
                            "run": "",
                            "dwi_tr": 0.062,
                            "dwi_phase": "",
                            "dwi_revphase": ""
                        }
                    ]
                ],
                "versions": [
                    "versions.yml:md5,8ed33155f08fd41a1eba1a8ab5e2f344"
                ]
            }
        ],
        "meta": {
            "nf-test": "0.9.3",
            "nextflow": "25.10.2"
        },
        "timestamp": "2026-02-26T14:28:00.780244653"
    }
}