{
    "eddy_full": {
        "content": [
            "test_ses-01__dwi_corrected.nii.gz",
            [
                [
                    {
                        "id": "test",
                        "session": "ses-01"
                    },
                    "test_ses-01__dwi_eddy_corrected.bval:md5,4c61c53078316c31b4d5daf446a3d6ac"
                ]
            ],
            "test_ses-01__dwi_eddy_corrected.bvec",
            [
                [
                    {
                        "id": "test",
                        "session": "ses-01"
                    },
                    "test_ses-01__b0_bet_mask.nii.gz:md5,884e1028fb86b5556e1caac18a8d6e1f"
                ]
            ],
            "test_ses-01__dwi_eddy_mqc.gif",
            "test_ses-01__rev_dwi_eddy_mqc.gif",
            "test_ses-01__dwi_eddy_restricted_movement_rms.txt",
            [
                "versions.yml:md5,6e22928e1858f4b5e6d43a9f19ef4a84"
            ]
        ],
        "meta": {
            "nf-test": "0.9.3",
            "nextflow": "25.10.2"
        },
        "timestamp": "2026-02-26T22:15:32.652065952"
    },
    "eddy_light": {
        "content": [
            "test__dwi_corrected.nii.gz",
            [
                [
                    {
                        "id": "test"
                    },
                    "test__dwi_eddy_corrected.bval:md5,8192e97b08e8032382397bb844b31892"
                ]
            ],
            "test__dwi_eddy_corrected.bvec",
            [
                [
                    {
                        "id": "test"
                    },
                    "test__b0_bet_mask.nii.gz:md5,884e1028fb86b5556e1caac18a8d6e1f"
                ]
            ],
            "test__dwi_eddy_mqc.gif",
            "test__dwi_eddy_restricted_movement_rms.txt",
            [
                "versions.yml:md5,6e22928e1858f4b5e6d43a9f19ef4a84"
            ]
        ],
        "meta": {
            "nf-test": "0.9.3",
            "nextflow": "25.10.2"
        },
        "timestamp": "2026-02-26T22:16:33.991059908"
    },
    "eddy - stub-run": {
        "content": [
            [
                "versions.yml:md5,6e22928e1858f4b5e6d43a9f19ef4a84"
            ]
        ],
        "meta": {
            "nf-test": "0.9.3",
            "nextflow": "25.10.2"
        },
        "timestamp": "2026-02-26T22:16:49.440847103"
    }
}