{
    "multiqc-neuroimaging - stub": {
        "content": [
            [
                "versions.yml:md5,aa55bf84daa12fdc3ed6d3e04fabed5c"
            ]
        ],
        "meta": {
            "nf-test": "0.9.3",
            "nextflow": "25.04.8"
        },
        "timestamp": "2025-11-25T12:37:01.154591"
    },
    "multiqc-neuroimaging - single-subject report": {
        "content": [
            [
                "versions.yml:md5,aa55bf84daa12fdc3ed6d3e04fabed5c"
            ]
        ],
        "meta": {
            "nf-test": "0.9.3",
            "nextflow": "25.04.8"
        },
        "timestamp": "2025-11-25T12:46:23.985314"
    },
    "multiqc-neuroimaging - global report": {
        "content": [
            [
                "versions.yml:md5,aa55bf84daa12fdc3ed6d3e04fabed5c"
            ]
        ],
        "meta": {
            "nf-test": "0.9.3",
            "nextflow": "25.04.8"
        },
        "timestamp": "2025-11-25T12:44:34.5989"
    }
}