{
    "reconst - noddi - extract_metrics": {
        "content": [
            "test__dir.nii.gz",
            "test__isovf.nii.gz",
            "test__icvf.nii.gz",
            "test__ecvf.nii.gz",
            "test__odi.nii.gz",
            [
                "versions.yml:md5,d52a676c51564a0311f5029ba67aaf29"
            ],
            145
        ],
        "meta": {
            "nf-test": "0.9.3",
            "nextflow": "25.10.2"
        },
        "timestamp": "2026-02-26T23:18:48.788717523"
    },
    "reconst - noddi - with priors": {
        "content": [
            "test__dir.nii.gz",
            "test__isovf.nii.gz",
            "test__icvf.nii.gz",
            "test__ecvf.nii.gz",
            "test__odi.nii.gz",
            [
                "versions.yml:md5,d52a676c51564a0311f5029ba67aaf29"
            ],
            145
        ],
        "meta": {
            "nf-test": "0.9.3",
            "nextflow": "25.10.2"
        },
        "timestamp": "2026-02-26T23:19:46.00348974"
    },
    "reconst - noddi - save_kernels - no mask": {
        "content": [
            [
                "versions.yml:md5,d52a676c51564a0311f5029ba67aaf29"
            ],
            145
        ],
        "meta": {
            "nf-test": "0.9.3",
            "nextflow": "25.10.2"
        },
        "timestamp": "2026-02-26T23:17:51.450449021"
    },
    "reconst - noddi - stub-run": {
        "content": [
            [
                "versions.yml:md5,d52a676c51564a0311f5029ba67aaf29"
            ]
        ],
        "meta": {
            "nf-test": "0.9.3",
            "nextflow": "25.10.2"
        },
        "timestamp": "2026-02-26T23:27:46.254323732"
    }
}