{
    "reconst - noddi - extract_metrics": {
        "content": [
            "test__fit_dir.nii.gz",
            "test__fit_FWF.nii.gz",
            "test__fit_NDI.nii.gz",
            "test__fit_ECVF.nii.gz",
            "test__fit_ODI.nii.gz",
            [
                "versions.yml:md5,15e44dc9cb2aa94368279295a30ac99b"
            ],
            145
        ],
        "meta": {
            "nf-test": "0.9.3",
            "nextflow": "25.04.4"
        },
        "timestamp": "2025-12-04T13:53:58.083698011"
    },
    "reconst - noddi - with priors": {
        "content": [
            "test__fit_dir.nii.gz",
            "test__fit_FWF.nii.gz",
            "test__fit_NDI.nii.gz",
            "test__fit_ECVF.nii.gz",
            "test__fit_ODI.nii.gz",
            [
                "versions.yml:md5,15e44dc9cb2aa94368279295a30ac99b"
            ],
            145
        ],
        "meta": {
            "nf-test": "0.9.3",
            "nextflow": "25.04.4"
        },
        "timestamp": "2025-12-04T13:55:42.65926514"
    },
    "reconst - noddi - save_kernels - no mask": {
        "content": [
            [
                "versions.yml:md5,15e44dc9cb2aa94368279295a30ac99b"
            ],
            145
        ],
        "meta": {
            "nf-test": "0.9.3",
            "nextflow": "25.04.4"
        },
        "timestamp": "2025-12-04T13:51:57.72621621"
    },
    "reconst - noddi - stub-run": {
        "content": [
            [
                "versions.yml:md5,3c8accc418234ecdbf36f805b000818c"
            ]
        ],
        "meta": {
            "nf-test": "0.9.3",
            "nextflow": "25.04.6"
        },
        "timestamp": "2025-11-13T16:58:51.218060667"
    }
}