{
    "atlas_roimetrics - IIT atlas": {
        "content": [
            {
                "stats_json": [
                    [
                        {
                            "id": "test",
                            "single_end": false
                        },
                        "test_stats.json"
                    ]
                ],
                "stats_tab_mean": [
                    [
                        {
                            "id": "test",
                            "single_end": false
                        },
                        "test_desc-mean_stats.tsv"
                    ]
                ],
                "stats_tab_std": [
                    [
                        {
                            "id": "test",
                            "single_end": false
                        },
                        "test_desc-std_stats.tsv"
                    ]
                ],
                "versions": [
                    "versions.yml:md5,37dfe7104743280c6e8dd82191e4b9a2",
                    "versions.yml:md5,47d49a165d2ab40f37deba36f77c4bad",
                    "versions.yml:md5,a5af5e7977506198381bcf6742c334db",
                    "versions.yml:md5,ed314f4bb56aca9fa497cd3500133ce0"
                ]
            }
        ],
        "meta": {
            "nf-test": "0.9.3",
            "nextflow": "25.04.6"
        },
        "timestamp": "2025-12-02T14:27:34.422535321"
    }
}