{
    "-profile test": {
        "content": [
            {
                "BUNDLE_CENTROID": {
                    "scilpy": "2.2.0"
                },
                "BUNDLE_LABELMAP": {
                    "scilpy": "2.2.1"
                },
                "BUNDLE_RECOGNIZE": {
                    "scilpy": "2.2.0"
                },
                "BUNDLE_STATS": {
                    "scilpy": "2.2.1"
                },
                "BUNDLE_UNIFORMIZE": {
                    "scilpy": "2.2.0"
                },
                "DENOISE_DWI": {
                    "mrtrix": "3.0.5"
                },
                "DENOISING_NLMEANS": {
                    "scilpy": "2.2.0"
                },
                "FW_CORRECTED_DTIMETRICS": {
                    "scilpy": "2.2.0",
                    "mrtrix": "3.0.7",
                    "imagemagick": "6.9.12"
                },
                "MASK_T1W": {
                    "mrtrix": "3.0.5"
                },
                "MASK_T2W": {
                    "mrtrix": "3.0.5"
                },
                "RECONST_DTIMETRICS": {
                    "scilpy": "2.2.0",
                    "mrtrix": "3.0.7",
                    "imagemagick": "6.9.12"
                },
                "RECONST_FODF": {
                    "scilpy": "2.2.0"
                },
                "RECONST_FREEWATER": {
                    "scilpy": "2.2.0"
                },
                "RECONST_FRF": {
                    "scilpy": "2.2.0"
                },
                "RECONST_NODDI": {
                    "scilpy": "2.2.0"
                },
                "RECONST_QBALL": {
                    "scilpy": "2.2.0"
                },
                "REGISTER_ATLAS_REF": {
                    "ants": "2.6.2",
                    "imagemagick": "6.9.12-98",
                    "mrtrix": "3.0.7",
                    "scilpy": "2.2.0"
                },
                "REGISTRATION_ANATTODWI": {
                    "ants": "2.6.2",
                    "imagemagick": "6.9.12-98",
                    "mrtrix": "3.0.7",
                    "scilpy": "2.2.0"
                },
                "REGISTRATION_ANTS": {
                    "ants": "2.6.2",
                    "imagemagick": "6.9.12-98",
                    "mrtrix": "3.0.7",
                    "scilpy": "2.2.0"
                },
                "REGISTRATION_TRACTOGRAM": {
                    "ants": "2.6.2",
                    "scilpy": "2.2.1"
                },
                "SEGMENTATION_FASTSEG": {
                    "scilpy": "2.2.0",
                    "fsl": 6.0
                },
                "STATS_METRICSINROI": {
                    "scilpy": "2.2.1",
                    "jq": 1.7
                },
                "THR_BUNDLE_MASK": {
                    "scilpy": "2.2.1"
                },
                "TRACKING_LOCALTRACKING": {
                    "scilpy": "2.2.0"
                },
                "TRACKING_PFTTRACKING": {
                    "scilpy": "2.2.0"
                },
                "TRACTOGRAM_REMOVEINVALID": {
                    "scilpy": "2.2.1"
                },
                "TRANSFORM_ATLAS_BUNDLES": {
                    "ants": "2.6.2",
                    "imagemagick": "6.9.12-98",
                    "mrtrix": "3.0.7",
                    "scilpy": "2.2.0"
                },
                "UTILS_TEMPLATEFLOW": {
                    "templateflow": "24.2.2",
                    "python": "3.13.2"
                },
                "WARPIMAGES": {
                    "ants": "2.6.2",
                    "imagemagick": "6.9.12-98",
                    "mrtrix": "3.0.7",
                    "scilpy": "2.2.0"
                },
                "Workflow": {
                    "scilus/sf-tractomics": "v1.0dev"
                }
            },
            [
                "metrics",
                "metrics/aggregated_atlas-iit_label-mean_desc-roi_stats.tsv",
                "metrics/aggregated_atlas-iit_label-std_desc-roi_stats.tsv",
                "metrics/bundles_mean_stats.tsv",
                "multiqc",
                "multiqc/global_multiqc_data",
                "multiqc/global_multiqc_plots",
                "multiqc/global_multiqc_report.html",
                "pipeline_info",
                "sub-test-1",
                "sub-test-1/anat",
                "sub-test-1/anat/sub-test-1_T1w.nii.gz",
                "sub-test-1/anat/sub-test-1_desc-brain_mask.nii.gz",
                "sub-test-1/anat/sub-test-1_label-CSF_desc-fastseg_mask.nii.gz",
                "sub-test-1/anat/sub-test-1_label-CSF_desc-fastseg_probseg.nii.gz",
                "sub-test-1/anat/sub-test-1_label-GM_desc-fastseg_mask.nii.gz",
                "sub-test-1/anat/sub-test-1_label-GM_desc-fastseg_probseg.nii.gz",
                "sub-test-1/anat/sub-test-1_label-WM_desc-fastseg_mask.nii.gz",
                "sub-test-1/anat/sub-test-1_label-WM_desc-fastseg_probseg.nii.gz",
                "sub-test-1/anat/sub-test-1_space-T1w_desc-brain_mask.nii.gz",
                "sub-test-1/anat/sub-test-1_space-T1w_desc-preproc_T1w.nii.gz",
                "sub-test-1/anat/sub-test-1_space-dwi_desc-preproc_T1w.nii.gz",
                "sub-test-1/dwi",
                "sub-test-1/dwi/bundles",
                "sub-test-1/dwi/bundles/sub-test-1_AF_L.trk",
                "sub-test-1/dwi/bundles/sub-test-1_space-MNI152Lin_tract-ArcuateFasciculus_hemi-left_track-sdstream_tractogram.trk",
                "sub-test-1/dwi/sub-test-1_atlas-iit_desc-roi_stats.tsv",
                "sub-test-1/dwi/sub-test-1_desc-brain_mask.nii.gz",
                "sub-test-1/dwi/sub-test-1_desc-ensemble_tractogram.trk",
                "sub-test-1/dwi/sub-test-1_desc-local_tractogram.trk",
                "sub-test-1/dwi/sub-test-1_desc-pft_tractogram.trk",
                "sub-test-1/dwi/sub-test-1_desc-preproc_b0.nii.gz",
                "sub-test-1/dwi/sub-test-1_desc-preproc_dwi.bval",
                "sub-test-1/dwi/sub-test-1_desc-preproc_dwi.bvec",
                "sub-test-1/dwi/sub-test-1_desc-preproc_dwi.nii.gz",
                "sub-test-1/dwi/sub-test-1_frf.txt",
                "sub-test-1/dwi/sub-test-1_label-mean_desc-tractometry_stats.tsv",
                "sub-test-1/dwi/sub-test-1_label-mean_param-lesions_desc-tractometry_stats.tsv",
                "sub-test-1/dwi/sub-test-1_label-point_desc-tractometry_stats.tsv",
                "sub-test-1/dwi/sub-test-1_label-point_param-lesions_desc-tractometry_stats.tsv",
                "sub-test-1/dwi/sub-test-1_model-csd_param-afdmax_dwimap.nii.gz",
                "sub-test-1/dwi/sub-test-1_model-csd_param-afdsum_dwimap.nii.gz",
                "sub-test-1/dwi/sub-test-1_model-csd_param-afdtotal_dwimap.nii.gz",
                "sub-test-1/dwi/sub-test-1_model-csd_param-csfsh_dwimap.nii.gz",
                "sub-test-1/dwi/sub-test-1_model-csd_param-gmsh_dwimap.nii.gz",
                "sub-test-1/dwi/sub-test-1_model-csd_param-nufo_dwimap.nii.gz",
                "sub-test-1/dwi/sub-test-1_model-csd_param-peaks_dwimap.nii.gz",
                "sub-test-1/dwi/sub-test-1_model-csd_param-sh_dwimap.nii.gz",
                "sub-test-1/dwi/sub-test-1_model-csd_param-wmsh_dwimap.nii.gz",
                "sub-test-1/dwi/sub-test-1_model-qball_param-gfa_dwimap.nii.gz",
                "sub-test-1/dwi/sub-test-1_model-qball_param-nufo_dwimap.nii.gz",
                "sub-test-1/dwi/sub-test-1_model-qball_param-peaks_dwimap.nii.gz",
                "sub-test-1/dwi/sub-test-1_model-tensor_param-ad_desc-fwc_dwimap.nii.gz",
                "sub-test-1/dwi/sub-test-1_model-tensor_param-ad_dwimap.nii.gz",
                "sub-test-1/dwi/sub-test-1_model-tensor_param-fa_desc-fwc_dwimap.nii.gz",
                "sub-test-1/dwi/sub-test-1_model-tensor_param-fa_dwimap.nii.gz",
                "sub-test-1/dwi/sub-test-1_model-tensor_param-ga_desc-fwc_dwimap.nii.gz",
                "sub-test-1/dwi/sub-test-1_model-tensor_param-ga_dwimap.nii.gz",
                "sub-test-1/dwi/sub-test-1_model-tensor_param-md_desc-fwc_dwimap.nii.gz",
                "sub-test-1/dwi/sub-test-1_model-tensor_param-md_dwimap.nii.gz",
                "sub-test-1/dwi/sub-test-1_model-tensor_param-mode_desc-fwc_dwimap.nii.gz",
                "sub-test-1/dwi/sub-test-1_model-tensor_param-mode_dwimap.nii.gz",
                "sub-test-1/dwi/sub-test-1_model-tensor_param-rd_desc-fwc_dwimap.nii.gz",
                "sub-test-1/dwi/sub-test-1_model-tensor_param-rd_dwimap.nii.gz",
                "sub-test-1/dwi/sub-test-1_model-tensor_param-rgb_desc-fwc_dwimap.nii.gz",
                "sub-test-1/dwi/sub-test-1_model-tensor_param-rgb_dwimap.nii.gz",
                "sub-test-1/dwi/sub-test-1_model-tensor_param-tensor_desc-fwc_dwimap.nii.gz",
                "sub-test-1/dwi/sub-test-1_model-tensor_param-tensor_dwimap.nii.gz",
                "sub-test-1/dwi/sub-test-1_space-DWI_label-seeding_desc-local_mask.nii.gz",
                "sub-test-1/dwi/sub-test-1_space-DWI_label-seeding_desc-pft_mask.nii.gz",
                "sub-test-1/dwi/sub-test-1_space-DWI_label-tracking_desc-local_mask.nii.gz",
                "sub-test-1/dwi/sub-test-1_space-MNI152Lin_model-csd_param-afdmax_dwimap.nii.gz",
                "sub-test-1/dwi/sub-test-1_space-MNI152Lin_model-csd_param-afdsum_dwimap.nii.gz",
                "sub-test-1/dwi/sub-test-1_space-MNI152Lin_model-csd_param-afdtotal_dwimap.nii.gz",
                "sub-test-1/dwi/sub-test-1_space-MNI152Lin_model-tensor_param-ad_desc-fwc_dwimap.nii.gz",
                "sub-test-1/dwi/sub-test-1_space-MNI152Lin_model-tensor_param-ad_dwimap.nii.gz",
                "sub-test-1/dwi/sub-test-1_space-MNI152Lin_model-tensor_param-fa_desc-fwc_dwimap.nii.gz",
                "sub-test-1/dwi/sub-test-1_space-MNI152Lin_model-tensor_param-fa_dwimap.nii.gz",
                "sub-test-1/dwi/sub-test-1_space-MNI152Lin_model-tensor_param-md_desc-fwc_dwimap.nii.gz",
                "sub-test-1/dwi/sub-test-1_space-MNI152Lin_model-tensor_param-md_dwimap.nii.gz",
                "sub-test-1/dwi/sub-test-1_space-MNI152Lin_model-tensor_param-rd_desc-fwc_dwimap.nii.gz",
                "sub-test-1/dwi/sub-test-1_space-MNI152Lin_model-tensor_param-rd_dwimap.nii.gz",
                "sub-test-1/multiqc",
                "sub-test-1/multiqc/sub-test-1_multiqc_data",
                "sub-test-1/multiqc/sub-test-1_multiqc_plots",
                "sub-test-1/multiqc/sub-test-1_multiqc_report.html",
                "sub-test-1/xfm",
                "sub-test-1/xfm/sub-test-1_from-T1w_to-dwi_mode-image_desc-affine_xfm.mat",
                "sub-test-1/xfm/sub-test-1_from-T1w_to-dwi_mode-image_desc-warp_xfm.nii.gz",
                "sub-test-1/xfm/sub-test-1_from-dwi_to-T1w_mode-image_desc-affine_xfm.mat",
                "sub-test-1/xfm/sub-test-1_from-dwi_to-T1w_mode-image_desc-warp_xfm.nii.gz"
            ]
        ],
        "meta": {
            "nf-test": "0.9.3",
            "nextflow": "25.10.2"
        },
        "timestamp": "2026-01-19T15:14:32.090982615"
    }
}
