{
    "-profile test": {
        "content": [
            {
                "DENOISE_DWI": {
                    "mrtrix": "3.0.5"
                },
                "DENOISING_NLMEANS": {
                    "scilpy": "2.2.0"
                },
                "RECONST_DTIMETRICS": {
                    "scilpy": "2.2.0",
                    "mrtrix": "3.0.7",
                    "imagemagick": "6.9.12"
                },
                "RECONST_FODF": {
                    "scilpy": "2.2.0"
                },
                "RECONST_FRF": {
                    "scilpy": "2.2.0"
                },
                "REGISTRATION_ANATTODWI": {
                    "ants": "2.6.2",
                    "imagemagick": "6.9.12-98",
                    "mrtrix": "3.0.7",
                    "scilpy": "2.2.0"
                },
                "SEGMENTATION_FASTSEG": {
                    "scilpy": "2.2.0",
                    "fsl": 6.0
                },
                "TRACKING_LOCALTRACKING": {
                    "scilpy": "2.2.0"
                },
                "TRACKING_PFTTRACKING": {
                    "scilpy": "2.2.0"
                },
                "Workflow": {
                    "scilus/sf-tractomics": "v1.0dev"
                }
            },
            [
                "multiqc",
                "multiqc/global-260112-1600.html",
                "multiqc/global-260112-1600_data",
                "multiqc/global-260112-1600_data/coverage_dice_violin.txt",
                "multiqc/global-260112-1600_data/fd_multi_subject_plot.txt",
                "multiqc/global-260112-1600_data/llms-full.txt",
                "multiqc/global-260112-1600_data/multiqc.log",
                "multiqc/global-260112-1600_data/multiqc.parquet",
                "multiqc/global-260112-1600_data/multiqc_citations.txt",
                "multiqc/global-260112-1600_data/multiqc_data.json",
                "multiqc/global-260112-1600_data/multiqc_general_stats.txt",
                "multiqc/global-260112-1600_data/multiqc_software_versions.txt",
                "multiqc/global-260112-1600_data/multiqc_sources.txt",
                "multiqc/global-260112-1600_data/streamline_count_violin.txt",
                "pipeline_info",
                "pipeline_info/sf-tractomics_software_mqc_versions.yml",
                "sub-test-1",
                "sub-test-1/anat",
                "sub-test-1/anat/sub-test-1null_T1w.nii.gz",
                "sub-test-1/anat/sub-test-1null_desc-brain_mask.nii.gz",
                "sub-test-1/anat/sub-test-1null_label-CSF_desc-fastseg_mask.nii.gz",
                "sub-test-1/anat/sub-test-1null_label-CSF_desc-fastseg_probseg.nii.gz",
                "sub-test-1/anat/sub-test-1null_label-GM_desc-fastseg_mask.nii.gz",
                "sub-test-1/anat/sub-test-1null_label-GM_desc-fastseg_probseg.nii.gz",
                "sub-test-1/anat/sub-test-1null_label-WM_desc-fastseg_mask.nii.gz",
                "sub-test-1/anat/sub-test-1null_label-WM_desc-fastseg_probseg.nii.gz",
                "sub-test-1/anat/sub-test-1null_space-T1w_desc-brain_mask.nii.gz",
                "sub-test-1/anat/sub-test-1null_space-T1w_desc-preproc_T1w.nii.gz",
                "sub-test-1/anat/sub-test-1null_space-dwi_desc-preproc_T1w.nii.gz",
                "sub-test-1/dwi",
                "sub-test-1/dwi/sub-test-1null_desc-brain_mask.nii.gz",
                "sub-test-1/dwi/sub-test-1null_desc-local_tractogram.trk",
                "sub-test-1/dwi/sub-test-1null_desc-preproc_b0.nii.gz",
                "sub-test-1/dwi/sub-test-1null_desc-preproc_dwi.bval",
                "sub-test-1/dwi/sub-test-1null_desc-preproc_dwi.bvec",
                "sub-test-1/dwi/sub-test-1null_desc-preproc_dwi.nii.gz",
                "sub-test-1/dwi/sub-test-1null_frf.txt",
                "sub-test-1/dwi/sub-test-1null_model-csd_param-afdmax_dwimap.nii.gz",
                "sub-test-1/dwi/sub-test-1null_model-csd_param-afdsum_dwimap.nii.gz",
                "sub-test-1/dwi/sub-test-1null_model-csd_param-afdtotal_dwimap.nii.gz",
                "sub-test-1/dwi/sub-test-1null_model-csd_param-nufo_dwimap.nii.gz",
                "sub-test-1/dwi/sub-test-1null_model-csd_param-peaks_dwimap.nii.gz",
                "sub-test-1/dwi/sub-test-1null_model-csd_param-sh_dwimap.nii.gz",
                "sub-test-1/dwi/sub-test-1null_model-tensor_param-ad_dwimap.nii.gz",
                "sub-test-1/dwi/sub-test-1null_model-tensor_param-fa_dwimap.nii.gz",
                "sub-test-1/dwi/sub-test-1null_model-tensor_param-ga_dwimap.nii.gz",
                "sub-test-1/dwi/sub-test-1null_model-tensor_param-md_dwimap.nii.gz",
                "sub-test-1/dwi/sub-test-1null_model-tensor_param-mode_dwimap.nii.gz",
                "sub-test-1/dwi/sub-test-1null_model-tensor_param-rd_dwimap.nii.gz",
                "sub-test-1/dwi/sub-test-1null_model-tensor_param-rgb_dwimap.nii.gz",
                "sub-test-1/dwi/sub-test-1null_model-tensor_param-tensor_dwimap.nii.gz",
                "sub-test-1/dwi/sub-test-1null_space-DWI_label-seeding_desc-local_mask.nii.gz",
                "sub-test-1/dwi/sub-test-1null_space-DWI_label-seeding_desc-pft_mask.nii.gz",
                "sub-test-1/dwi/sub-test-1null_space-DWI_label-tracking_desc-local_mask.nii.gz",
                "sub-test-1/multiqc",
                "sub-test-1/multiqc/sub-test-1-260112-1600.html",
                "sub-test-1/multiqc/sub-test-1-260112-1600_data",
                "sub-test-1/multiqc/sub-test-1-260112-1600_data/fd_single_subject_plot.txt",
                "sub-test-1/multiqc/sub-test-1-260112-1600_data/llms-full.txt",
                "sub-test-1/multiqc/sub-test-1-260112-1600_data/multiqc.log",
                "sub-test-1/multiqc/sub-test-1-260112-1600_data/multiqc.parquet",
                "sub-test-1/multiqc/sub-test-1-260112-1600_data/multiqc_citations.txt",
                "sub-test-1/multiqc/sub-test-1-260112-1600_data/multiqc_data.json",
                "sub-test-1/multiqc/sub-test-1-260112-1600_data/multiqc_software_versions.txt",
                "sub-test-1/multiqc/sub-test-1-260112-1600_data/multiqc_sources.txt",
                "sub-test-1/multiqc/sub-test-1-260112-1600_plots",
                "sub-test-1/multiqc/sub-test-1-260112-1600_plots/pdf",
                "sub-test-1/multiqc/sub-test-1-260112-1600_plots/pdf/fd_single_subject_plot.pdf",
                "sub-test-1/multiqc/sub-test-1-260112-1600_plots/png",
                "sub-test-1/multiqc/sub-test-1-260112-1600_plots/png/fd_single_subject_plot.png",
                "sub-test-1/multiqc/sub-test-1-260112-1600_plots/svg",
                "sub-test-1/multiqc/sub-test-1-260112-1600_plots/svg/fd_single_subject_plot.svg",
                "sub-test-1/xfm",
                "sub-test-1/xfm/sub-test-1null_from-T1w_to-dwi_mode-image_desc-affine_xfm.mat",
                "sub-test-1/xfm/sub-test-1null_from-T1w_to-dwi_mode-image_desc-warp_xfm.nii.gz",
                "sub-test-1/xfm/sub-test-1null_from-dwi_to-T1w_mode-image_desc-affine_xfm.mat",
                "sub-test-1/xfm/sub-test-1null_from-dwi_to-T1w_mode-image_desc-warp_xfm.nii.gz"
            ],
            [
                "global-260112-1600.html:md5,89f8cc7be3df61a9c7cd8ff649a198e3",
                "coverage_dice_violin.txt:md5,67bef4aabbfd4973bfc4ae402d2325ff",
                "fd_multi_subject_plot.txt:md5,b3b22e6cc3c6a5c083449463c65e3ce5",
                "llms-full.txt:md5,bede032852aa279e4c03e629bb44ef74",
                "multiqc.log:md5,8d0a67cd0cc0428c02c0d7dc648a3e91",
                "multiqc.parquet:md5,652839986fa71240df9f60ebbc20b23a",
                "multiqc_citations.txt:md5,4c806e63a283ec1b7e78cdae3a923d4f",
                "multiqc_data.json:md5,04c1688545cf9cce8c09ffd6331c6ba7",
                "multiqc_general_stats.txt:md5,27033699a5feaef939f90a5ffabf515b",
                "multiqc_software_versions.txt:md5,4d37f8ed3d961a8890e88ee8e5b1761a",
                "multiqc_sources.txt:md5,d2a044df39ce3c6abe5cdc2d67473490",
                "streamline_count_violin.txt:md5,996db96c16b34a95e515a637a92cd899",
                "sub-test-1null_T1w.nii.gz:md5,5537ce7cd64f3fdde852dffb29f9750b",
                "sub-test-1null_desc-brain_mask.nii.gz:md5,8fea049937f13ca80f26e4ca875bad6a",
                "sub-test-1null_label-CSF_desc-fastseg_mask.nii.gz:md5,3637611126ecabe0244b191d3190d780",
                "sub-test-1null_label-CSF_desc-fastseg_probseg.nii.gz:md5,d344050e9a93a87f1ae387c8aa8a2b37",
                "sub-test-1null_label-GM_desc-fastseg_mask.nii.gz:md5,090deb0fd6d2ab3970bbc5da082d550a",
                "sub-test-1null_label-GM_desc-fastseg_probseg.nii.gz:md5,bd977ed4ca37d2f67e370ed80d6e4b8e",
                "sub-test-1null_label-WM_desc-fastseg_mask.nii.gz:md5,83347cd48082b395a1328cb53b174663",
                "sub-test-1null_label-WM_desc-fastseg_probseg.nii.gz:md5,ed3805a2677bba04451c47a61ab534de",
                "sub-test-1null_space-T1w_desc-brain_mask.nii.gz:md5,5cd596e4013434c4c38f93ccc138d227",
                "sub-test-1null_space-T1w_desc-preproc_T1w.nii.gz:md5,80279c6b695d728adbd7eccd1e3c79d4",
                "sub-test-1null_space-dwi_desc-preproc_T1w.nii.gz:md5,242a1703090b4c3569530ec62e12fc4f",
                "sub-test-1null_desc-brain_mask.nii.gz:md5,185bf816464c2b51ffa3392754e474b4",
                "sub-test-1null_desc-local_tractogram.trk:md5,63f45e1dae8e47edacb14ad84af2cbe6",
                "sub-test-1null_desc-preproc_b0.nii.gz:md5,4c9fd6c6caa445aa58cd0a9b8f32ebbc",
                "sub-test-1null_desc-preproc_dwi.bval:md5,fb1a5b09cc383c9103499c6493311b2e",
                "sub-test-1null_desc-preproc_dwi.bvec:md5,299568e37f4c567ca5922bd235d26b86",
                "sub-test-1null_desc-preproc_dwi.nii.gz:md5,610e50ea32967731021eb6891238faf0",
                "sub-test-1null_frf.txt:md5,fb0fcfcdbbfd1787a910b3ca296c74a7",
                "sub-test-1null_model-csd_param-afdmax_dwimap.nii.gz:md5,bb126d907327819ac36a8a528fa622e8",
                "sub-test-1null_model-csd_param-afdsum_dwimap.nii.gz:md5,52a3b4a483caaf96b5197af119e3f056",
                "sub-test-1null_model-csd_param-afdtotal_dwimap.nii.gz:md5,0062ffbdf8b038c4b27e641ada678486",
                "sub-test-1null_model-csd_param-nufo_dwimap.nii.gz:md5,3f398517d8f3bed3fd33d9eb44b0ebc7",
                "sub-test-1null_model-csd_param-peaks_dwimap.nii.gz:md5,d909dee3b49f4e8438322dc6f51c23b0",
                "sub-test-1null_model-csd_param-sh_dwimap.nii.gz:md5,8b270018e7f10ed19661529d0165b6be",
                "sub-test-1null_model-tensor_param-ad_dwimap.nii.gz:md5,1f68bf7c5402c173aa20eadf5f396399",
                "sub-test-1null_model-tensor_param-fa_dwimap.nii.gz:md5,8fead0373c607f3d56d9fc4818de5b97",
                "sub-test-1null_model-tensor_param-ga_dwimap.nii.gz:md5,cb0e9a083b0987d490d61df7c1ef10c6",
                "sub-test-1null_model-tensor_param-md_dwimap.nii.gz:md5,2c455f3a114e74667e1f5c66952307fb",
                "sub-test-1null_model-tensor_param-mode_dwimap.nii.gz:md5,36c68a04e9e80549440271e7515e033a",
                "sub-test-1null_model-tensor_param-rd_dwimap.nii.gz:md5,5cd2fe45e9c375a8dcb57e69458be975",
                "sub-test-1null_model-tensor_param-rgb_dwimap.nii.gz:md5,3ea9ba2fcd6e4150baf14bed70765dc3",
                "sub-test-1null_model-tensor_param-tensor_dwimap.nii.gz:md5,1d2b7ea9686fb4859d0c4016fb731d4c",
                "sub-test-1null_space-DWI_label-seeding_desc-local_mask.nii.gz:md5,83347cd48082b395a1328cb53b174663",
                "sub-test-1null_space-DWI_label-seeding_desc-pft_mask.nii.gz:md5,1f049fc6ea7112dbf18935046eb0c9f8",
                "sub-test-1null_space-DWI_label-tracking_desc-local_mask.nii.gz:md5,83347cd48082b395a1328cb53b174663",
                "sub-test-1-260112-1600.html:md5,983463f084bce961c0777b2919ebd243",
                "fd_single_subject_plot.txt:md5,b3b22e6cc3c6a5c083449463c65e3ce5",
                "llms-full.txt:md5,e61ecb5dfc350d3bed8e3b2b6d639fc6",
                "multiqc.log:md5,5a6cbf27a919659e71ac2719b2b92c6e",
                "multiqc.parquet:md5,b66436385a6e2a50a72151669da777c4",
                "multiqc_citations.txt:md5,4c806e63a283ec1b7e78cdae3a923d4f",
                "multiqc_data.json:md5,b3725df27b63837f0a79a08d2e84ab30",
                "multiqc_software_versions.txt:md5,4d37f8ed3d961a8890e88ee8e5b1761a",
                "multiqc_sources.txt:md5,d2a044df39ce3c6abe5cdc2d67473490",
                "fd_single_subject_plot.pdf:md5,8b732bd48a0a440dde577473263ba825",
                "fd_single_subject_plot.png:md5,6bc84352439abd5ba9d21daec00ea433",
                "fd_single_subject_plot.svg:md5,fa46d44afb9963040c92567672759967",
                "sub-test-1null_from-T1w_to-dwi_mode-image_desc-affine_xfm.mat:md5,43e2ad4a733227b5198a370d85cfa58b",
                "sub-test-1null_from-T1w_to-dwi_mode-image_desc-warp_xfm.nii.gz:md5,60a9913aaa9f5b6b0a7ef03e266d74ae",
                "sub-test-1null_from-dwi_to-T1w_mode-image_desc-affine_xfm.mat:md5,0ab04042d006c595b3843c3ef49adc98",
                "sub-test-1null_from-dwi_to-T1w_mode-image_desc-warp_xfm.nii.gz:md5,d2074564bbc2e19dabd423fc5136f300"
            ]
        ],
        "meta": {
            "nf-test": "0.9.3",
            "nextflow": "25.10.2"
        },
        "timestamp": "2026-01-12T16:40:34.04413071"
    }
}