{
    "denoising - mppca - stub-run": {
        "content": [
            [
                "versions.yml:md5,e453d38b11af2135c99df27ec7b461e3"
            ]
        ],
        "meta": {
            "nf-test": "0.9.0",
            "nextflow": "25.04.3"
        },
        "timestamp": "2025-06-04T13:56:52.680444991"
    },
    "denoising - mppca": {
        "content": [
            {
                "0": [
                    [
                        {
                            "id": "test"
                        },
                        "test_dwi_denoised.nii.gz:md5,fbfdd71a4198c278a49b59b43b15d153"
                    ]
                ],
                "1": [
                    "versions.yml:md5,e453d38b11af2135c99df27ec7b461e3"
                ],
                "image": [
                    [
                        {
                            "id": "test"
                        },
                        "test_dwi_denoised.nii.gz:md5,fbfdd71a4198c278a49b59b43b15d153"
                    ]
                ],
                "versions": [
                    "versions.yml:md5,e453d38b11af2135c99df27ec7b461e3"
                ]
            }
        ],
        "meta": {
            "nf-test": "0.9.3",
            "nextflow": "25.10.2"
        },
        "timestamp": "2026-03-30T11:56:36.88548949"
    }
}