{
    "tractogram - resample - centroids": {
        "content": [
            {
                "0": [
                    [
                        {
                            "id": "test",
                            "single_end": false
                        },
                        "test_IFGWM_uni_c_10_resampled.trk:md5,5a4c819b4aa7ea048a4b89973ede812c"
                    ]
                ],
                "1": [
                    "versions.yml:md5,ac9879eb2722306022d42ae122771bd5"
                ],
                "tractograms": [
                    [
                        {
                            "id": "test",
                            "single_end": false
                        },
                        "test_IFGWM_uni_c_10_resampled.trk:md5,5a4c819b4aa7ea048a4b89973ede812c"
                    ]
                ],
                "versions": [
                    "versions.yml:md5,ac9879eb2722306022d42ae122771bd5"
                ]
            }
        ],
        "meta": {
            "nf-test": "0.9.3",
            "nextflow": "25.10.2"
        },
        "timestamp": "2026-02-26T15:53:38.479710085"
    },
    "tractogram - resample - tractogram": {
        "content": [
            [
                "versions.yml:md5,ac9879eb2722306022d42ae122771bd5"
            ],
            "test_IFGWM_color_resampled.trk",
            "test_IFGWM_resampled.trk"
        ],
        "meta": {
            "nf-test": "0.9.3",
            "nextflow": "25.10.2"
        },
        "timestamp": "2026-02-26T15:53:34.055865213"
    },
    "tractogram - resample - stub-run": {
        "content": [
            [
                "versions.yml:md5,ac9879eb2722306022d42ae122771bd5"
            ]
        ],
        "meta": {
            "nf-test": "0.9.3",
            "nextflow": "25.10.2"
        },
        "timestamp": "2026-02-26T15:53:44.984873233"
    }
}