{
    "image - cropvolume - stub-run": {
        "content": [
            [
                "versions.yml:md5,8e6ab988c569d2cee7f2e23e5fe2ab37"
            ]
        ],
        "meta": {
            "nf-test": "0.9.3",
            "nextflow": "25.10.2"
        },
        "timestamp": "2026-02-26T16:35:38.381323584"
    },
    "image - cropvolume": {
        "content": [
            {
                "0": [
                    [
                        {
                            "id": "test",
                            "single_end": false
                        },
                        "test_cropped.nii.gz:md5,93cc10f69b0829409c69bf743e9c95ef"
                    ]
                ],
                "1": [
                    
                ],
                "2": [
                    "versions.yml:md5,8e6ab988c569d2cee7f2e23e5fe2ab37"
                ],
                "bounding_box": [
                    
                ],
                "image": [
                    [
                        {
                            "id": "test",
                            "single_end": false
                        },
                        "test_cropped.nii.gz:md5,93cc10f69b0829409c69bf743e9c95ef"
                    ]
                ],
                "versions": [
                    "versions.yml:md5,8e6ab988c569d2cee7f2e23e5fe2ab37"
                ]
            }
        ],
        "meta": {
            "nf-test": "0.9.3",
            "nextflow": "25.10.2"
        },
        "timestamp": "2026-02-26T16:35:23.751365961"
    },
    "image - cropvolume - outputbbox": {
        "content": [
            {
                "0": [
                    [
                        {
                            "id": "test",
                            "single_end": false
                        },
                        "test_cropped.nii.gz:md5,93cc10f69b0829409c69bf743e9c95ef"
                    ]
                ],
                "1": [
                    [
                        {
                            "id": "test",
                            "single_end": false
                        },
                        "test_cropped_bbox.pkl:md5,bc8e962d194d3ebdb93bfeb1e318d5b8"
                    ]
                ],
                "2": [
                    "versions.yml:md5,8e6ab988c569d2cee7f2e23e5fe2ab37"
                ],
                "bounding_box": [
                    [
                        {
                            "id": "test",
                            "single_end": false
                        },
                        "test_cropped_bbox.pkl:md5,bc8e962d194d3ebdb93bfeb1e318d5b8"
                    ]
                ],
                "image": [
                    [
                        {
                            "id": "test",
                            "single_end": false
                        },
                        "test_cropped.nii.gz:md5,93cc10f69b0829409c69bf743e9c95ef"
                    ]
                ],
                "versions": [
                    "versions.yml:md5,8e6ab988c569d2cee7f2e23e5fe2ab37"
                ]
            }
        ],
        "meta": {
            "nf-test": "0.9.3",
            "nextflow": "25.10.2"
        },
        "timestamp": "2026-02-26T16:35:31.126431819"
    }
}