{
    "reconst - meanfrf": {
        "content": [
            {
                "0": [
                    [
                        "test",
                        "test_mean_frf.txt:md5,70e339a7ede1f4605c91fe80b150966f"
                    ]
                ],
                "1": [
                    "versions.yml:md5,115cd218f03f4c0e11946210cf554203"
                ],
                "meanfrf": [
                    [
                        "test",
                        "test_mean_frf.txt:md5,70e339a7ede1f4605c91fe80b150966f"
                    ]
                ],
                "versions": [
                    "versions.yml:md5,115cd218f03f4c0e11946210cf554203"
                ]
            }
        ],
        "meta": {
            "nf-test": "0.9.3",
            "nextflow": "25.10.2"
        },
        "timestamp": "2026-02-26T14:52:30.568686982"
    }
}