{
    "tractogram - concatenate": {
        "content": [
            {
                "0": [
                    [
                        {
                            "id": "test"
                        },
                        "test__concatenate.trk:md5,7e468b734cd1fc43815901ff21f134f1"
                    ]
                ],
                "1": [
                    "versions.yml:md5,bd7c1d0eb1bb0dac3c06291bb31ba7ee"
                ],
                "trk": [
                    [
                        {
                            "id": "test"
                        },
                        "test__concatenate.trk:md5,7e468b734cd1fc43815901ff21f134f1"
                    ]
                ],
                "versions": [
                    "versions.yml:md5,bd7c1d0eb1bb0dac3c06291bb31ba7ee"
                ]
            }
        ],
        "meta": {
            "nf-test": "0.9.3",
            "nextflow": "25.10.2"
        },
        "timestamp": "2026-02-26T15:52:44.990123596"
    },
    "tractogram - stub": {
        "content": [
            [
                "versions.yml:md5,bd7c1d0eb1bb0dac3c06291bb31ba7ee"
            ]
        ],
        "meta": {
            "nf-test": "0.9.3",
            "nextflow": "25.10.2"
        },
        "timestamp": "2026-02-26T15:52:52.880185117"
    },
    "tractogram - math - stub-run": {
        "content": [
            [
                "versions.yml:md5,bd7c1d0eb1bb0dac3c06291bb31ba7ee"
            ]
        ],
        "meta": {
            "nf-test": "0.9.3",
            "nextflow": "25.10.2"
        },
        "timestamp": "2026-02-26T15:52:58.044767293"
    }
}