{
    "topup_eddy - AP DWI | PA sbref": {
        "content": [
            {
                "b0": [
                    [
                        {
                            "id": "test"
                        },
                        "test_b0.nii.gz"
                    ]
                ],
                "b0_mask": [
                    [
                        {
                            "id": "test"
                        },
                        "test__b0_bet_mask.nii.gz"
                    ]
                ],
                "bval": [
                    [
                        {
                            "id": "test"
                        },
                        "test__dwi_eddy_corrected.bval"
                    ]
                ],
                "bvec": [
                    [
                        {
                            "id": "test"
                        },
                        "test__dwi_eddy_corrected.bvec"
                    ]
                ],
                "dwi": [
                    [
                        {
                            "id": "test"
                        },
                        "test__dwi_corrected.nii.gz"
                    ]
                ],
                "mqc": [
                    [
                        {
                            "id": "test"
                        },
                        "test__dwi_eddy_mqc.gif"
                    ],
                    [
                        {
                            "id": "test"
                        },
                        "test__dwi_eddy_restricted_movement_rms.txt"
                    ],
                    [
                        {
                            "id": "test"
                        },
                        "test__rev_dwi_eddy_mqc.gif"
                    ]
                ],
                "versions": [
                    "versions.yml:md5,f2d7748b1499acab929c78fd99b805d2",
                    "versions.yml:md5,f385a220b9605ec099227e3c12f8c383"
                ]
            }
        ],
        "meta": {
            "nf-test": "0.9.3",
            "nextflow": "25.10.2"
        },
        "timestamp": "2026-02-26T22:23:35.547426618"
    },
    "topup_eddy - ONLY Eddy - AP DWI | PA sbref": {
        "content": [
            {
                "b0": [
                    [
                        {
                            "id": "test"
                        },
                        "test_b0.nii.gz"
                    ]
                ],
                "b0_mask": [
                    [
                        {
                            "id": "test"
                        },
                        "test__b0_bet_mask.nii.gz"
                    ]
                ],
                "bval": [
                    [
                        {
                            "id": "test"
                        },
                        "test__dwi_eddy_corrected.bval"
                    ]
                ],
                "bvec": [
                    [
                        {
                            "id": "test"
                        },
                        "test__dwi_eddy_corrected.bvec"
                    ]
                ],
                "dwi": [
                    [
                        {
                            "id": "test"
                        },
                        "test__dwi_corrected.nii.gz"
                    ]
                ],
                "mqc": [
                    [
                        {
                            "id": "test"
                        },
                        "test__dwi_eddy_mqc.gif"
                    ],
                    [
                        {
                            "id": "test"
                        },
                        "test__dwi_eddy_restricted_movement_rms.txt"
                    ],
                    [
                        {
                            "id": "test"
                        },
                        "test__rev_dwi_eddy_mqc.gif"
                    ]
                ],
                "versions": [
                    "versions.yml:md5,f2d7748b1499acab929c78fd99b805d2",
                    "versions.yml:md5,f385a220b9605ec099227e3c12f8c383"
                ]
            }
        ],
        "meta": {
            "nf-test": "0.9.3",
            "nextflow": "25.10.2"
        },
        "timestamp": "2026-02-26T22:23:17.16712078"
    },
    "topup_eddy - AP DWI+sbref | PA DWI+sbref": {
        "content": [
            {
                "b0": [
                    [
                        {
                            "id": "test"
                        },
                        "test_b0.nii.gz"
                    ]
                ],
                "b0_mask": [
                    [
                        {
                            "id": "test"
                        },
                        "test__b0_bet_mask.nii.gz"
                    ]
                ],
                "bval": [
                    [
                        {
                            "id": "test"
                        },
                        "test__dwi_eddy_corrected.bval"
                    ]
                ],
                "bvec": [
                    [
                        {
                            "id": "test"
                        },
                        "test__dwi_eddy_corrected.bvec"
                    ]
                ],
                "dwi": [
                    [
                        {
                            "id": "test"
                        },
                        "test__dwi_corrected.nii.gz"
                    ]
                ],
                "mqc": [
                    [
                        {
                            "id": "test"
                        },
                        "test__dwi_eddy_mqc.gif"
                    ],
                    [
                        {
                            "id": "test"
                        },
                        "test__dwi_eddy_restricted_movement_rms.txt"
                    ],
                    [
                        {
                            "id": "test"
                        },
                        "test__rev_dwi_eddy_mqc.gif"
                    ]
                ],
                "versions": [
                    "versions.yml:md5,f2d7748b1499acab929c78fd99b805d2",
                    "versions.yml:md5,f385a220b9605ec099227e3c12f8c383"
                ]
            }
        ],
        "meta": {
            "nf-test": "0.9.3",
            "nextflow": "25.10.2"
        },
        "timestamp": "2026-02-26T22:23:53.777548866"
    }
}