{
    "denoising - nlmeans": {
        "content": [
            {
                "0": [
                    [
                        {
                            "id": "test"
                        },
                        "test__denoised.nii.gz:md5,4443314c19646ac7ae866ff1947cb665"
                    ]
                ],
                "1": [
                    
                ],
                "2": [
                    "versions.yml:md5,9f489676278f53897c3a11eaeeaaf40e"
                ],
                "image": [
                    [
                        {
                            "id": "test"
                        },
                        "test__denoised.nii.gz:md5,4443314c19646ac7ae866ff1947cb665"
                    ]
                ],
                "piesno_mask": [
                    
                ],
                "versions": [
                    "versions.yml:md5,9f489676278f53897c3a11eaeeaaf40e"
                ]
            }
        ],
        "meta": {
            "nf-test": "0.9.3",
            "nextflow": "25.10.2"
        },
        "timestamp": "2026-02-26T22:13:57.884967396"
    },
    "denoising - nlmeans - stub-run": {
        "content": [
            [
                "versions.yml:md5,9f489676278f53897c3a11eaeeaaf40e"
            ]
        ],
        "meta": {
            "nf-test": "0.9.3",
            "nextflow": "25.10.2"
        },
        "timestamp": "2026-02-26T22:14:02.18333582"
    }
}