{
    "registration - ants - stub": {
        "content": [
            [
                "versions.yml:md5,78610891ed0adf1a5fe5f0de034d7555"
            ]
        ],
        "meta": {
            "nf-test": "0.9.3",
            "nextflow": "25.10.0"
        },
        "timestamp": "2025-10-28T13:00:52.757761907"
    },
    "registration - ants - SyN quick": {
        "content": [
            {
                "0": [
                    [
                        {
                            "id": "test"
                        },
                        "test_t1_warped.nii.gz:md5,ea7f1bc0540975d6484a15c7a74fb115"
                    ]
                ],
                "1": [
                    [
                        {
                            "id": "test"
                        },
                        "test_forward1_affine.mat:md5,3f5500ed1d3e896ab2b53a5c92cd3f76"
                    ]
                ],
                "10": [
                    "versions.yml:md5,78610891ed0adf1a5fe5f0de034d7555"
                ],
                "2": [
                    [
                        {
                            "id": "test"
                        },
                        "test_forward0_warp.nii.gz:md5,e815d27e3d69c9337919a3ad76815806"
                    ]
                ],
                "3": [
                    [
                        {
                            "id": "test"
                        },
                        "test_backward1_warp.nii.gz:md5,6f16542b188b1bfe068c12e9ce6ee8f8"
                    ]
                ],
                "4": [
                    [
                        {
                            "id": "test"
                        },
                        "test_backward0_affine.mat:md5,0f1af73ef9da3e722592701432a1a340"
                    ]
                ],
                "5": [
                    [
                        {
                            "id": "test"
                        },
                        [
                            "test_forward0_warp.nii.gz:md5,e815d27e3d69c9337919a3ad76815806",
                            "test_forward1_affine.mat:md5,3f5500ed1d3e896ab2b53a5c92cd3f76"
                        ]
                    ]
                ],
                "6": [
                    [
                        {
                            "id": "test"
                        },
                        [
                            "test_backward0_affine.mat:md5,0f1af73ef9da3e722592701432a1a340",
                            "test_backward1_warp.nii.gz:md5,6f16542b188b1bfe068c12e9ce6ee8f8"
                        ]
                    ]
                ],
                "7": [
                    [
                        {
                            "id": "test"
                        },
                        [
                            "test_backward0_affine.mat:md5,0f1af73ef9da3e722592701432a1a340",
                            "test_backward1_warp.nii.gz:md5,6f16542b188b1bfe068c12e9ce6ee8f8"
                        ]
                    ]
                ],
                "8": [
                    [
                        {
                            "id": "test"
                        },
                        [
                            "test_forward0_warp.nii.gz:md5,e815d27e3d69c9337919a3ad76815806",
                            "test_forward1_affine.mat:md5,3f5500ed1d3e896ab2b53a5c92cd3f76"
                        ]
                    ]
                ],
                "9": [
                    [
                        {
                            "id": "test"
                        },
                        "test_T1_to_T1_slab_registration_ants_mqc.gif:md5,3de94aa1d262a96423c0415846d3a7db"
                    ]
                ],
                "backward_affine": [
                    [
                        {
                            "id": "test"
                        },
                        "test_backward0_affine.mat:md5,0f1af73ef9da3e722592701432a1a340"
                    ]
                ],
                "backward_image_transform": [
                    [
                        {
                            "id": "test"
                        },
                        [
                            "test_backward0_affine.mat:md5,0f1af73ef9da3e722592701432a1a340",
                            "test_backward1_warp.nii.gz:md5,6f16542b188b1bfe068c12e9ce6ee8f8"
                        ]
                    ]
                ],
                "backward_tractogram_transform": [
                    [
                        {
                            "id": "test"
                        },
                        [
                            "test_forward0_warp.nii.gz:md5,e815d27e3d69c9337919a3ad76815806",
                            "test_forward1_affine.mat:md5,3f5500ed1d3e896ab2b53a5c92cd3f76"
                        ]
                    ]
                ],
                "backward_warp": [
                    [
                        {
                            "id": "test"
                        },
                        "test_backward1_warp.nii.gz:md5,6f16542b188b1bfe068c12e9ce6ee8f8"
                    ]
                ],
                "forward_affine": [
                    [
                        {
                            "id": "test"
                        },
                        "test_forward1_affine.mat:md5,3f5500ed1d3e896ab2b53a5c92cd3f76"
                    ]
                ],
                "forward_image_transform": [
                    [
                        {
                            "id": "test"
                        },
                        [
                            "test_forward0_warp.nii.gz:md5,e815d27e3d69c9337919a3ad76815806",
                            "test_forward1_affine.mat:md5,3f5500ed1d3e896ab2b53a5c92cd3f76"
                        ]
                    ]
                ],
                "forward_tractogram_transform": [
                    [
                        {
                            "id": "test"
                        },
                        [
                            "test_backward0_affine.mat:md5,0f1af73ef9da3e722592701432a1a340",
                            "test_backward1_warp.nii.gz:md5,6f16542b188b1bfe068c12e9ce6ee8f8"
                        ]
                    ]
                ],
                "forward_warp": [
                    [
                        {
                            "id": "test"
                        },
                        "test_forward0_warp.nii.gz:md5,e815d27e3d69c9337919a3ad76815806"
                    ]
                ],
                "image_warped": [
                    [
                        {
                            "id": "test"
                        },
                        "test_t1_warped.nii.gz:md5,ea7f1bc0540975d6484a15c7a74fb115"
                    ]
                ],
                "mqc": [
                    [
                        {
                            "id": "test"
                        },
                        "test_T1_to_T1_slab_registration_ants_mqc.gif:md5,3de94aa1d262a96423c0415846d3a7db"
                    ]
                ],
                "versions": [
                    "versions.yml:md5,78610891ed0adf1a5fe5f0de034d7555"
                ]
            }
        ],
        "meta": {
            "nf-test": "0.9.3",
            "nextflow": "25.10.2"
        },
        "timestamp": "2026-01-16T14:58:50.566384471"
    },
    "registration - ants - SyN": {
        "content": [
            {
                "0": [
                    [
                        {
                            "id": "test"
                        },
                        "test_t1_warped.nii.gz:md5,4879dead1bc93469b47eb6d1fe24b8de"
                    ]
                ],
                "1": [
                    [
                        {
                            "id": "test"
                        },
                        "test_forward1_affine.mat:md5,9d7eb20761b8b51ce6522302a672d9c2"
                    ]
                ],
                "10": [
                    "versions.yml:md5,78610891ed0adf1a5fe5f0de034d7555"
                ],
                "2": [
                    [
                        {
                            "id": "test"
                        },
                        "test_forward0_warp.nii.gz:md5,7a7348d37d4d3879fff86f127caf8953"
                    ]
                ],
                "3": [
                    [
                        {
                            "id": "test"
                        },
                        "test_backward1_warp.nii.gz:md5,f928f6790f461ff82d1ce1bc55906c36"
                    ]
                ],
                "4": [
                    [
                        {
                            "id": "test"
                        },
                        "test_backward0_affine.mat:md5,ce16dd2b55b4fc380684f74b2715fe3e"
                    ]
                ],
                "5": [
                    [
                        {
                            "id": "test"
                        },
                        [
                            "test_forward0_warp.nii.gz:md5,7a7348d37d4d3879fff86f127caf8953",
                            "test_forward1_affine.mat:md5,9d7eb20761b8b51ce6522302a672d9c2"
                        ]
                    ]
                ],
                "6": [
                    [
                        {
                            "id": "test"
                        },
                        [
                            "test_backward0_affine.mat:md5,ce16dd2b55b4fc380684f74b2715fe3e",
                            "test_backward1_warp.nii.gz:md5,f928f6790f461ff82d1ce1bc55906c36"
                        ]
                    ]
                ],
                "7": [
                    [
                        {
                            "id": "test"
                        },
                        [
                            "test_backward0_affine.mat:md5,ce16dd2b55b4fc380684f74b2715fe3e",
                            "test_backward1_warp.nii.gz:md5,f928f6790f461ff82d1ce1bc55906c36"
                        ]
                    ]
                ],
                "8": [
                    [
                        {
                            "id": "test"
                        },
                        [
                            "test_forward0_warp.nii.gz:md5,7a7348d37d4d3879fff86f127caf8953",
                            "test_forward1_affine.mat:md5,9d7eb20761b8b51ce6522302a672d9c2"
                        ]
                    ]
                ],
                "9": [
                    
                ],
                "backward_affine": [
                    [
                        {
                            "id": "test"
                        },
                        "test_backward0_affine.mat:md5,ce16dd2b55b4fc380684f74b2715fe3e"
                    ]
                ],
                "backward_image_transform": [
                    [
                        {
                            "id": "test"
                        },
                        [
                            "test_backward0_affine.mat:md5,ce16dd2b55b4fc380684f74b2715fe3e",
                            "test_backward1_warp.nii.gz:md5,f928f6790f461ff82d1ce1bc55906c36"
                        ]
                    ]
                ],
                "backward_tractogram_transform": [
                    [
                        {
                            "id": "test"
                        },
                        [
                            "test_forward0_warp.nii.gz:md5,7a7348d37d4d3879fff86f127caf8953",
                            "test_forward1_affine.mat:md5,9d7eb20761b8b51ce6522302a672d9c2"
                        ]
                    ]
                ],
                "backward_warp": [
                    [
                        {
                            "id": "test"
                        },
                        "test_backward1_warp.nii.gz:md5,f928f6790f461ff82d1ce1bc55906c36"
                    ]
                ],
                "forward_affine": [
                    [
                        {
                            "id": "test"
                        },
                        "test_forward1_affine.mat:md5,9d7eb20761b8b51ce6522302a672d9c2"
                    ]
                ],
                "forward_image_transform": [
                    [
                        {
                            "id": "test"
                        },
                        [
                            "test_forward0_warp.nii.gz:md5,7a7348d37d4d3879fff86f127caf8953",
                            "test_forward1_affine.mat:md5,9d7eb20761b8b51ce6522302a672d9c2"
                        ]
                    ]
                ],
                "forward_tractogram_transform": [
                    [
                        {
                            "id": "test"
                        },
                        [
                            "test_backward0_affine.mat:md5,ce16dd2b55b4fc380684f74b2715fe3e",
                            "test_backward1_warp.nii.gz:md5,f928f6790f461ff82d1ce1bc55906c36"
                        ]
                    ]
                ],
                "forward_warp": [
                    [
                        {
                            "id": "test"
                        },
                        "test_forward0_warp.nii.gz:md5,7a7348d37d4d3879fff86f127caf8953"
                    ]
                ],
                "image_warped": [
                    [
                        {
                            "id": "test"
                        },
                        "test_t1_warped.nii.gz:md5,4879dead1bc93469b47eb6d1fe24b8de"
                    ]
                ],
                "mqc": [
                    
                ],
                "versions": [
                    "versions.yml:md5,78610891ed0adf1a5fe5f0de034d7555"
                ]
            }
        ],
        "meta": {
            "nf-test": "0.9.3",
            "nextflow": "25.10.2"
        },
        "timestamp": "2026-01-16T14:58:18.910834696"
    },
    "registration - ants - no warps": {
        "content": [
            {
                "0": [
                    [
                        {
                            "id": "test"
                        },
                        "test_t1_warped.nii.gz:md5,5e647b5e2a36a6c7109675a7b8c0b547"
                    ]
                ],
                "1": [
                    [
                        {
                            "id": "test"
                        },
                        "test_forward1_affine.mat:md5,32931efea9ef4eac388960ac43f3bdc2"
                    ]
                ],
                "10": [
                    "versions.yml:md5,78610891ed0adf1a5fe5f0de034d7555"
                ],
                "2": [
                    
                ],
                "3": [
                    
                ],
                "4": [
                    [
                        {
                            "id": "test"
                        },
                        "test_backward0_affine.mat:md5,c5436b56a534ab8edf4649599499eea6"
                    ]
                ],
                "5": [
                    [
                        {
                            "id": "test"
                        },
                        [
                            "test_forward1_affine.mat:md5,32931efea9ef4eac388960ac43f3bdc2"
                        ]
                    ]
                ],
                "6": [
                    [
                        {
                            "id": "test"
                        },
                        [
                            "test_backward0_affine.mat:md5,c5436b56a534ab8edf4649599499eea6"
                        ]
                    ]
                ],
                "7": [
                    [
                        {
                            "id": "test"
                        },
                        [
                            "test_backward0_affine.mat:md5,c5436b56a534ab8edf4649599499eea6"
                        ]
                    ]
                ],
                "8": [
                    [
                        {
                            "id": "test"
                        },
                        [
                            "test_forward1_affine.mat:md5,32931efea9ef4eac388960ac43f3bdc2"
                        ]
                    ]
                ],
                "9": [
                    
                ],
                "backward_affine": [
                    [
                        {
                            "id": "test"
                        },
                        "test_backward0_affine.mat:md5,c5436b56a534ab8edf4649599499eea6"
                    ]
                ],
                "backward_image_transform": [
                    [
                        {
                            "id": "test"
                        },
                        [
                            "test_backward0_affine.mat:md5,c5436b56a534ab8edf4649599499eea6"
                        ]
                    ]
                ],
                "backward_tractogram_transform": [
                    [
                        {
                            "id": "test"
                        },
                        [
                            "test_forward1_affine.mat:md5,32931efea9ef4eac388960ac43f3bdc2"
                        ]
                    ]
                ],
                "backward_warp": [
                    
                ],
                "forward_affine": [
                    [
                        {
                            "id": "test"
                        },
                        "test_forward1_affine.mat:md5,32931efea9ef4eac388960ac43f3bdc2"
                    ]
                ],
                "forward_image_transform": [
                    [
                        {
                            "id": "test"
                        },
                        [
                            "test_forward1_affine.mat:md5,32931efea9ef4eac388960ac43f3bdc2"
                        ]
                    ]
                ],
                "forward_tractogram_transform": [
                    [
                        {
                            "id": "test"
                        },
                        [
                            "test_backward0_affine.mat:md5,c5436b56a534ab8edf4649599499eea6"
                        ]
                    ]
                ],
                "forward_warp": [
                    
                ],
                "image_warped": [
                    [
                        {
                            "id": "test"
                        },
                        "test_t1_warped.nii.gz:md5,5e647b5e2a36a6c7109675a7b8c0b547"
                    ]
                ],
                "mqc": [
                    
                ],
                "versions": [
                    "versions.yml:md5,78610891ed0adf1a5fe5f0de034d7555"
                ]
            }
        ],
        "meta": {
            "nf-test": "0.9.3",
            "nextflow": "25.10.2"
        },
        "timestamp": "2026-01-16T14:58:57.816858804"
    }
}