{
    "qc - tractogram - stub-run": {
        "content": [
            [
                "versions.yml:md5,9cc02a45546b3a87dd1a11dec877ca02"
            ]
        ],
        "meta": {
            "nf-test": "0.9.3",
            "nextflow": "25.10.2"
        },
        "timestamp": "2026-02-26T15:43:18.422594415"
    },
    "qc - tractogram": {
        "content": [
            [
                [
                    {
                        "id": "test",
                        "single_end": false
                    },
                    "test__tractogram_mask.nii.gz:md5,4ce57fee196997a972d5c33202eeb74f"
                ]
            ],
            [
                [
                    {
                        "id": "test",
                        "single_end": false
                    },
                    "test__TDI.nii.gz:md5,f4d9df11957de7b4b77314e07e08afa2"
                ]
            ],
            [
                [
                    {
                        "id": "test",
                        "single_end": false
                    },
                    "test__dice.txt:md5,e6ee3e6eb91feb775fa0cec3a3715c75"
                ]
            ],
            [
                [
                    {
                        "id": "test",
                        "single_end": false
                    },
                    "test__sc.txt:md5,dc815a1f602788e79d9e5dbcc15b05fc"
                ]
            ],
            "test__coverage_overlay_mqc.png",
            [
                "versions.yml:md5,9cc02a45546b3a87dd1a11dec877ca02"
            ]
        ],
        "meta": {
            "nf-test": "0.9.3",
            "nextflow": "25.10.2"
        },
        "timestamp": "2026-02-26T15:43:07.052668604"
    }
}