{
    "powderaverage - with mask and shells": {
        "content": [
            {
                "0": [
                    [
                        {
                            "id": "test",
                            "single_end": false
                        },
                        "test_pwd_avg.nii.gz:md5,b0065ccd52d4921738a6538c3cd5d86a"
                    ]
                ],
                "1": [
                    "versions.yml:md5,ebf53d67f331e8206bdbc769e81db760"
                ],
                "pwd_avg": [
                    [
                        {
                            "id": "test",
                            "single_end": false
                        },
                        "test_pwd_avg.nii.gz:md5,b0065ccd52d4921738a6538c3cd5d86a"
                    ]
                ],
                "versions": [
                    "versions.yml:md5,ebf53d67f331e8206bdbc769e81db760"
                ]
            }
        ],
        "meta": {
            "nf-test": "0.9.3",
            "nextflow": "25.10.2"
        },
        "timestamp": "2026-02-26T16:37:20.110908735"
    },
    "powderaverage - stub-run": {
        "content": [
            [
                "versions.yml:md5,ebf53d67f331e8206bdbc769e81db760"
            ]
        ],
        "meta": {
            "nf-test": "0.9.3",
            "nextflow": "25.10.2"
        },
        "timestamp": "2026-02-26T16:37:24.829545792"
    },
    "powderaverage - no mask and no shell": {
        "content": [
            {
                "0": [
                    [
                        {
                            "id": "test",
                            "single_end": false
                        },
                        "test_pwd_avg.nii.gz:md5,168d711e7b84fad327966ca3d49ede0f"
                    ]
                ],
                "1": [
                    "versions.yml:md5,ebf53d67f331e8206bdbc769e81db760"
                ],
                "pwd_avg": [
                    [
                        {
                            "id": "test",
                            "single_end": false
                        },
                        "test_pwd_avg.nii.gz:md5,168d711e7b84fad327966ca3d49ede0f"
                    ]
                ],
                "versions": [
                    "versions.yml:md5,ebf53d67f331e8206bdbc769e81db760"
                ]
            }
        ],
        "meta": {
            "nf-test": "0.9.3",
            "nextflow": "25.10.2"
        },
        "timestamp": "2026-02-26T16:37:15.288818895"
    }
}