{
    "reconst_fw_noddi - freewater - custom priors": {
        "content": [
            {
                "fw_dir": [
                    [
                        {
                            "id": "test",
                            "single_end": false
                        },
                        "test__dir.nii.gz"
                    ]
                ],
                "fw_dti_ad": [
                    [
                        {
                            "id": "test",
                            "single_end": false
                        },
                        "test__ad.nii.gz"
                    ]
                ],
                "fw_dti_evals": [
                    [
                        {
                            "id": "test",
                            "single_end": false
                        },
                        "test__evals.nii.gz"
                    ]
                ],
                "fw_dti_evecs": [
                    [
                        {
                            "id": "test",
                            "single_end": false
                        },
                        "test__evecs.nii.gz"
                    ]
                ],
                "fw_dti_fa": [
                    [
                        {
                            "id": "test",
                            "single_end": false
                        },
                        "test__fa.nii.gz"
                    ]
                ],
                "fw_dti_ga": [
                    [
                        {
                            "id": "test",
                            "single_end": false
                        },
                        "test__ga.nii.gz"
                    ]
                ],
                "fw_dti_md": [
                    [
                        {
                            "id": "test",
                            "single_end": false
                        },
                        "test__md.nii.gz"
                    ]
                ],
                "fw_dti_mode": [
                    [
                        {
                            "id": "test",
                            "single_end": false
                        },
                        "test__mode.nii.gz"
                    ]
                ],
                "fw_dti_norm": [
                    [
                        {
                            "id": "test",
                            "single_end": false
                        },
                        "test__norm.nii.gz"
                    ]
                ],
                "fw_dti_peaks": [
                    [
                        {
                            "id": "test",
                            "single_end": false
                        },
                        "test__evecs_v1.nii.gz"
                    ]
                ],
                "fw_dti_rd": [
                    [
                        {
                            "id": "test",
                            "single_end": false
                        },
                        "test__rd.nii.gz"
                    ]
                ],
                "fw_dti_residual": [
                    [
                        {
                            "id": "test",
                            "single_end": false
                        },
                        "test__residual.nii.gz"
                    ]
                ],
                "fw_dti_rgb": [
                    [
                        {
                            "id": "test",
                            "single_end": false
                        },
                        "test__rgb.nii.gz"
                    ]
                ],
                "fw_dti_tensor": [
                    [
                        {
                            "id": "test",
                            "single_end": false
                        },
                        "test__tensor.nii.gz"
                    ]
                ],
                "fw_dwi": [
                    [
                        {
                            "id": "test",
                            "single_end": false
                        },
                        "test__dwi_fw_corrected.nii.gz"
                    ]
                ],
                "fw_fibervolume": [
                    [
                        {
                            "id": "test",
                            "single_end": false
                        },
                        "test__fibervolume.nii.gz"
                    ]
                ],
                "fw_fwf": [
                    [
                        {
                            "id": "test",
                            "single_end": false
                        },
                        "test__fwf.nii.gz"
                    ]
                ],
                "fw_nrmse": [
                    [
                        {
                            "id": "test",
                            "single_end": false
                        },
                        "test__nrmse.nii.gz"
                    ]
                ],
                "versions": [
                    "versions.yml:md5,689b2c4f00690ac95de93f6175661a17",
                    "versions.yml:md5,a223178747e3c47275c80317e23f35a6"
                ]
            }
        ],
        "meta": {
            "nf-test": "0.9.3",
            "nextflow": "25.04.8"
        },
        "timestamp": "2026-01-06T21:43:02.336654"
    },
    "reconst_fw_noddi - noddi & freewater - custom priors": {
        "content": [
            {
                "fw_dir": [
                    [
                        {
                            "id": "test1",
                            "single_end": false
                        },
                        "test1__dir.nii.gz"
                    ],
                    [
                        {
                            "id": "test2",
                            "single_end": false
                        },
                        "test2__dir.nii.gz"
                    ]
                ],
                "fw_dti_ad": [
                    [
                        {
                            "id": "test1",
                            "single_end": false
                        },
                        "test1__ad.nii.gz"
                    ],
                    [
                        {
                            "id": "test2",
                            "single_end": false
                        },
                        "test2__ad.nii.gz"
                    ]
                ],
                "fw_dti_evals": [
                    [
                        {
                            "id": "test1",
                            "single_end": false
                        },
                        "test1__evals.nii.gz"
                    ],
                    [
                        {
                            "id": "test2",
                            "single_end": false
                        },
                        "test2__evals.nii.gz"
                    ]
                ],
                "fw_dti_evecs": [
                    [
                        {
                            "id": "test1",
                            "single_end": false
                        },
                        "test1__evecs.nii.gz"
                    ],
                    [
                        {
                            "id": "test2",
                            "single_end": false
                        },
                        "test2__evecs.nii.gz"
                    ]
                ],
                "fw_dti_fa": [
                    [
                        {
                            "id": "test1",
                            "single_end": false
                        },
                        "test1__fa.nii.gz"
                    ],
                    [
                        {
                            "id": "test2",
                            "single_end": false
                        },
                        "test2__fa.nii.gz"
                    ]
                ],
                "fw_dti_ga": [
                    [
                        {
                            "id": "test1",
                            "single_end": false
                        },
                        "test1__ga.nii.gz"
                    ],
                    [
                        {
                            "id": "test2",
                            "single_end": false
                        },
                        "test2__ga.nii.gz"
                    ]
                ],
                "fw_dti_md": [
                    [
                        {
                            "id": "test1",
                            "single_end": false
                        },
                        "test1__md.nii.gz"
                    ],
                    [
                        {
                            "id": "test2",
                            "single_end": false
                        },
                        "test2__md.nii.gz"
                    ]
                ],
                "fw_dti_mode": [
                    [
                        {
                            "id": "test1",
                            "single_end": false
                        },
                        "test1__mode.nii.gz"
                    ],
                    [
                        {
                            "id": "test2",
                            "single_end": false
                        },
                        "test2__mode.nii.gz"
                    ]
                ],
                "fw_dti_norm": [
                    [
                        {
                            "id": "test1",
                            "single_end": false
                        },
                        "test1__norm.nii.gz"
                    ],
                    [
                        {
                            "id": "test2",
                            "single_end": false
                        },
                        "test2__norm.nii.gz"
                    ]
                ],
                "fw_dti_peaks": [
                    [
                        {
                            "id": "test1",
                            "single_end": false
                        },
                        "test1__evecs_v1.nii.gz"
                    ],
                    [
                        {
                            "id": "test2",
                            "single_end": false
                        },
                        "test2__evecs_v1.nii.gz"
                    ]
                ],
                "fw_dti_rd": [
                    [
                        {
                            "id": "test1",
                            "single_end": false
                        },
                        "test1__rd.nii.gz"
                    ],
                    [
                        {
                            "id": "test2",
                            "single_end": false
                        },
                        "test2__rd.nii.gz"
                    ]
                ],
                "fw_dti_residual": [
                    [
                        {
                            "id": "test1",
                            "single_end": false
                        },
                        "test1__residual.nii.gz"
                    ],
                    [
                        {
                            "id": "test2",
                            "single_end": false
                        },
                        "test2__residual.nii.gz"
                    ]
                ],
                "fw_dti_rgb": [
                    [
                        {
                            "id": "test1",
                            "single_end": false
                        },
                        "test1__rgb.nii.gz"
                    ],
                    [
                        {
                            "id": "test2",
                            "single_end": false
                        },
                        "test2__rgb.nii.gz"
                    ]
                ],
                "fw_dti_tensor": [
                    [
                        {
                            "id": "test1",
                            "single_end": false
                        },
                        "test1__tensor.nii.gz"
                    ],
                    [
                        {
                            "id": "test2",
                            "single_end": false
                        },
                        "test2__tensor.nii.gz"
                    ]
                ],
                "fw_dwi": [
                    [
                        {
                            "id": "test1",
                            "single_end": false
                        },
                        "test1__dwi_fw_corrected.nii.gz"
                    ],
                    [
                        {
                            "id": "test2",
                            "single_end": false
                        },
                        "test2__dwi_fw_corrected.nii.gz"
                    ]
                ],
                "fw_fibervolume": [
                    [
                        {
                            "id": "test1",
                            "single_end": false
                        },
                        "test1__fibervolume.nii.gz"
                    ],
                    [
                        {
                            "id": "test2",
                            "single_end": false
                        },
                        "test2__fibervolume.nii.gz"
                    ]
                ],
                "fw_fwf": [
                    [
                        {
                            "id": "test1",
                            "single_end": false
                        },
                        "test1__fwf.nii.gz"
                    ],
                    [
                        {
                            "id": "test2",
                            "single_end": false
                        },
                        "test2__fwf.nii.gz"
                    ]
                ],
                "fw_nrmse": [
                    [
                        {
                            "id": "test1",
                            "single_end": false
                        },
                        "test1__nrmse.nii.gz"
                    ],
                    [
                        {
                            "id": "test2",
                            "single_end": false
                        },
                        "test2__nrmse.nii.gz"
                    ]
                ],
                "noddi_dir": [
                    [
                        {
                            "id": "test1",
                            "single_end": false
                        },
                        "test1__dir.nii.gz"
                    ],
                    [
                        {
                            "id": "test2",
                            "single_end": false
                        },
                        "test2__dir.nii.gz"
                    ]
                ],
                "noddi_ecvf": [
                    [
                        {
                            "id": "test1",
                            "single_end": false
                        },
                        "test1__ecvf.nii.gz"
                    ],
                    [
                        {
                            "id": "test2",
                            "single_end": false
                        },
                        "test2__ecvf.nii.gz"
                    ]
                ],
                "noddi_icvf": [
                    [
                        {
                            "id": "test1",
                            "single_end": false
                        },
                        "test1__icvf.nii.gz"
                    ],
                    [
                        {
                            "id": "test2",
                            "single_end": false
                        },
                        "test2__icvf.nii.gz"
                    ]
                ],
                "noddi_isovf": [
                    [
                        {
                            "id": "test1",
                            "single_end": false
                        },
                        "test1__isovf.nii.gz"
                    ],
                    [
                        {
                            "id": "test2",
                            "single_end": false
                        },
                        "test2__isovf.nii.gz"
                    ]
                ],
                "noddi_odi": [
                    [
                        {
                            "id": "test1",
                            "single_end": false
                        },
                        "test1__odi.nii.gz"
                    ],
                    [
                        {
                            "id": "test2",
                            "single_end": false
                        },
                        "test2__odi.nii.gz"
                    ]
                ],
                "versions": [
                    "versions.yml:md5,0576c1fdab3c59610cd67015e8146f95",
                    "versions.yml:md5,0576c1fdab3c59610cd67015e8146f95",
                    "versions.yml:md5,689b2c4f00690ac95de93f6175661a17",
                    "versions.yml:md5,689b2c4f00690ac95de93f6175661a17",
                    "versions.yml:md5,a223178747e3c47275c80317e23f35a6",
                    "versions.yml:md5,a223178747e3c47275c80317e23f35a6"
                ]
            }
        ],
        "meta": {
            "nf-test": "0.9.3",
            "nextflow": "25.04.8"
        },
        "timestamp": "2026-01-07T13:01:00.125977"
    },
    "reconst_fw_noddi - noddi & freewater": {
        "content": [
            {
                "fw_dir": [
                    [
                        {
                            "id": "test",
                            "single_end": false
                        },
                        "test__dir.nii.gz"
                    ]
                ],
                "fw_dti_ad": [
                    [
                        {
                            "id": "test",
                            "single_end": false
                        },
                        "test__ad.nii.gz"
                    ]
                ],
                "fw_dti_evals": [
                    [
                        {
                            "id": "test",
                            "single_end": false
                        },
                        "test__evals.nii.gz"
                    ]
                ],
                "fw_dti_evecs": [
                    [
                        {
                            "id": "test",
                            "single_end": false
                        },
                        "test__evecs.nii.gz"
                    ]
                ],
                "fw_dti_fa": [
                    [
                        {
                            "id": "test",
                            "single_end": false
                        },
                        "test__fa.nii.gz"
                    ]
                ],
                "fw_dti_ga": [
                    [
                        {
                            "id": "test",
                            "single_end": false
                        },
                        "test__ga.nii.gz"
                    ]
                ],
                "fw_dti_md": [
                    [
                        {
                            "id": "test",
                            "single_end": false
                        },
                        "test__md.nii.gz"
                    ]
                ],
                "fw_dti_mode": [
                    [
                        {
                            "id": "test",
                            "single_end": false
                        },
                        "test__mode.nii.gz"
                    ]
                ],
                "fw_dti_norm": [
                    [
                        {
                            "id": "test",
                            "single_end": false
                        },
                        "test__norm.nii.gz"
                    ]
                ],
                "fw_dti_peaks": [
                    [
                        {
                            "id": "test",
                            "single_end": false
                        },
                        "test__evecs_v1.nii.gz"
                    ]
                ],
                "fw_dti_rd": [
                    [
                        {
                            "id": "test",
                            "single_end": false
                        },
                        "test__rd.nii.gz"
                    ]
                ],
                "fw_dti_residual": [
                    [
                        {
                            "id": "test",
                            "single_end": false
                        },
                        "test__residual.nii.gz"
                    ]
                ],
                "fw_dti_rgb": [
                    [
                        {
                            "id": "test",
                            "single_end": false
                        },
                        "test__rgb.nii.gz"
                    ]
                ],
                "fw_dti_tensor": [
                    [
                        {
                            "id": "test",
                            "single_end": false
                        },
                        "test__tensor.nii.gz"
                    ]
                ],
                "fw_dwi": [
                    [
                        {
                            "id": "test",
                            "single_end": false
                        },
                        "test__dwi_fw_corrected.nii.gz"
                    ]
                ],
                "fw_fibervolume": [
                    [
                        {
                            "id": "test",
                            "single_end": false
                        },
                        "test__fibervolume.nii.gz"
                    ]
                ],
                "fw_fwf": [
                    [
                        {
                            "id": "test",
                            "single_end": false
                        },
                        "test__fwf.nii.gz"
                    ]
                ],
                "fw_nrmse": [
                    [
                        {
                            "id": "test",
                            "single_end": false
                        },
                        "test__nrmse.nii.gz"
                    ]
                ],
                "noddi_dir": [
                    [
                        {
                            "id": "test",
                            "single_end": false
                        },
                        "test__dir.nii.gz"
                    ]
                ],
                "noddi_ecvf": [
                    [
                        {
                            "id": "test",
                            "single_end": false
                        },
                        "test__ecvf.nii.gz"
                    ]
                ],
                "noddi_icvf": [
                    [
                        {
                            "id": "test",
                            "single_end": false
                        },
                        "test__icvf.nii.gz"
                    ]
                ],
                "noddi_isovf": [
                    [
                        {
                            "id": "test",
                            "single_end": false
                        },
                        "test__isovf.nii.gz"
                    ]
                ],
                "noddi_odi": [
                    [
                        {
                            "id": "test",
                            "single_end": false
                        },
                        "test__odi.nii.gz"
                    ]
                ],
                "versions": [
                    "versions.yml:md5,0576c1fdab3c59610cd67015e8146f95",
                    "versions.yml:md5,689b2c4f00690ac95de93f6175661a17",
                    "versions.yml:md5,9fe765550b2a3f33e52de7bdd91daf0b",
                    "versions.yml:md5,a223178747e3c47275c80317e23f35a6"
                ]
            }
        ],
        "meta": {
            "nf-test": "0.9.3",
            "nextflow": "25.04.8"
        },
        "timestamp": "2026-01-07T12:59:40.0078"
    },
    "reconst_fw_noddi - noddi & freewater - average priors": {
        "content": [
            {
                "fw_dir": [
                    [
                        {
                            "id": "test",
                            "single_end": false
                        },
                        "test__dir.nii.gz"
                    ]
                ],
                "fw_dti_ad": [
                    [
                        {
                            "id": "test",
                            "single_end": false
                        },
                        "test__ad.nii.gz"
                    ]
                ],
                "fw_dti_evals": [
                    [
                        {
                            "id": "test",
                            "single_end": false
                        },
                        "test__evals.nii.gz"
                    ]
                ],
                "fw_dti_evecs": [
                    [
                        {
                            "id": "test",
                            "single_end": false
                        },
                        "test__evecs.nii.gz"
                    ]
                ],
                "fw_dti_fa": [
                    [
                        {
                            "id": "test",
                            "single_end": false
                        },
                        "test__fa.nii.gz"
                    ]
                ],
                "fw_dti_ga": [
                    [
                        {
                            "id": "test",
                            "single_end": false
                        },
                        "test__ga.nii.gz"
                    ]
                ],
                "fw_dti_md": [
                    [
                        {
                            "id": "test",
                            "single_end": false
                        },
                        "test__md.nii.gz"
                    ]
                ],
                "fw_dti_mode": [
                    [
                        {
                            "id": "test",
                            "single_end": false
                        },
                        "test__mode.nii.gz"
                    ]
                ],
                "fw_dti_norm": [
                    [
                        {
                            "id": "test",
                            "single_end": false
                        },
                        "test__norm.nii.gz"
                    ]
                ],
                "fw_dti_peaks": [
                    [
                        {
                            "id": "test",
                            "single_end": false
                        },
                        "test__evecs_v1.nii.gz"
                    ]
                ],
                "fw_dti_rd": [
                    [
                        {
                            "id": "test",
                            "single_end": false
                        },
                        "test__rd.nii.gz"
                    ]
                ],
                "fw_dti_residual": [
                    [
                        {
                            "id": "test",
                            "single_end": false
                        },
                        "test__residual.nii.gz"
                    ]
                ],
                "fw_dti_rgb": [
                    [
                        {
                            "id": "test",
                            "single_end": false
                        },
                        "test__rgb.nii.gz"
                    ]
                ],
                "fw_dti_tensor": [
                    [
                        {
                            "id": "test",
                            "single_end": false
                        },
                        "test__tensor.nii.gz"
                    ]
                ],
                "fw_dwi": [
                    [
                        {
                            "id": "test",
                            "single_end": false
                        },
                        "test__dwi_fw_corrected.nii.gz"
                    ]
                ],
                "fw_fibervolume": [
                    [
                        {
                            "id": "test",
                            "single_end": false
                        },
                        "test__fibervolume.nii.gz"
                    ]
                ],
                "fw_fwf": [
                    [
                        {
                            "id": "test",
                            "single_end": false
                        },
                        "test__fwf.nii.gz"
                    ]
                ],
                "fw_nrmse": [
                    [
                        {
                            "id": "test",
                            "single_end": false
                        },
                        "test__nrmse.nii.gz"
                    ]
                ],
                "noddi_dir": [
                    [
                        {
                            "id": "test",
                            "single_end": false
                        },
                        "test__dir.nii.gz"
                    ]
                ],
                "noddi_ecvf": [
                    [
                        {
                            "id": "test",
                            "single_end": false
                        },
                        "test__ecvf.nii.gz"
                    ]
                ],
                "noddi_icvf": [
                    [
                        {
                            "id": "test",
                            "single_end": false
                        },
                        "test__icvf.nii.gz"
                    ]
                ],
                "noddi_isovf": [
                    [
                        {
                            "id": "test",
                            "single_end": false
                        },
                        "test__isovf.nii.gz"
                    ]
                ],
                "noddi_odi": [
                    [
                        {
                            "id": "test",
                            "single_end": false
                        },
                        "test__odi.nii.gz"
                    ]
                ],
                "versions": [
                    "versions.yml:md5,0576c1fdab3c59610cd67015e8146f95",
                    "versions.yml:md5,689b2c4f00690ac95de93f6175661a17",
                    "versions.yml:md5,9fe765550b2a3f33e52de7bdd91daf0b",
                    "versions.yml:md5,a223178747e3c47275c80317e23f35a6",
                    "versions.yml:md5,d3add69fba59455ab809263f88deae99"
                ]
            }
        ],
        "meta": {
            "nf-test": "0.9.3",
            "nextflow": "25.04.8"
        },
        "timestamp": "2026-01-07T13:00:24.184698"
    },
    "reconst_fw_noddi - noddi": {
        "content": [
            {
                "noddi_dir": [
                    [
                        {
                            "id": "test",
                            "single_end": false
                        },
                        "test__dir.nii.gz"
                    ]
                ],
                "noddi_ecvf": [
                    [
                        {
                            "id": "test",
                            "single_end": false
                        },
                        "test__ecvf.nii.gz"
                    ]
                ],
                "noddi_icvf": [
                    [
                        {
                            "id": "test",
                            "single_end": false
                        },
                        "test__icvf.nii.gz"
                    ]
                ],
                "noddi_isovf": [
                    [
                        {
                            "id": "test",
                            "single_end": false
                        },
                        "test__isovf.nii.gz"
                    ]
                ],
                "noddi_odi": [
                    [
                        {
                            "id": "test",
                            "single_end": false
                        },
                        "test__odi.nii.gz"
                    ]
                ],
                "versions": [
                    "versions.yml:md5,0576c1fdab3c59610cd67015e8146f95",
                    "versions.yml:md5,9fe765550b2a3f33e52de7bdd91daf0b"
                ]
            }
        ],
        "meta": {
            "nf-test": "0.9.3",
            "nextflow": "25.04.8"
        },
        "timestamp": "2026-01-07T12:58:12.483052"
    },
    "reconst_fw_noddi - freewater": {
        "content": [
            {
                "fw_dir": [
                    [
                        {
                            "id": "test",
                            "single_end": false
                        },
                        "test__dir.nii.gz"
                    ]
                ],
                "fw_dti_ad": [
                    [
                        {
                            "id": "test",
                            "single_end": false
                        },
                        "test__ad.nii.gz"
                    ]
                ],
                "fw_dti_evals": [
                    [
                        {
                            "id": "test",
                            "single_end": false
                        },
                        "test__evals.nii.gz"
                    ]
                ],
                "fw_dti_evecs": [
                    [
                        {
                            "id": "test",
                            "single_end": false
                        },
                        "test__evecs.nii.gz"
                    ]
                ],
                "fw_dti_fa": [
                    [
                        {
                            "id": "test",
                            "single_end": false
                        },
                        "test__fa.nii.gz"
                    ]
                ],
                "fw_dti_ga": [
                    [
                        {
                            "id": "test",
                            "single_end": false
                        },
                        "test__ga.nii.gz"
                    ]
                ],
                "fw_dti_md": [
                    [
                        {
                            "id": "test",
                            "single_end": false
                        },
                        "test__md.nii.gz"
                    ]
                ],
                "fw_dti_mode": [
                    [
                        {
                            "id": "test",
                            "single_end": false
                        },
                        "test__mode.nii.gz"
                    ]
                ],
                "fw_dti_norm": [
                    [
                        {
                            "id": "test",
                            "single_end": false
                        },
                        "test__norm.nii.gz"
                    ]
                ],
                "fw_dti_peaks": [
                    [
                        {
                            "id": "test",
                            "single_end": false
                        },
                        "test__evecs_v1.nii.gz"
                    ]
                ],
                "fw_dti_rd": [
                    [
                        {
                            "id": "test",
                            "single_end": false
                        },
                        "test__rd.nii.gz"
                    ]
                ],
                "fw_dti_residual": [
                    [
                        {
                            "id": "test",
                            "single_end": false
                        },
                        "test__residual.nii.gz"
                    ]
                ],
                "fw_dti_rgb": [
                    [
                        {
                            "id": "test",
                            "single_end": false
                        },
                        "test__rgb.nii.gz"
                    ]
                ],
                "fw_dti_tensor": [
                    [
                        {
                            "id": "test",
                            "single_end": false
                        },
                        "test__tensor.nii.gz"
                    ]
                ],
                "fw_dwi": [
                    [
                        {
                            "id": "test",
                            "single_end": false
                        },
                        "test__dwi_fw_corrected.nii.gz"
                    ]
                ],
                "fw_fibervolume": [
                    [
                        {
                            "id": "test",
                            "single_end": false
                        },
                        "test__fibervolume.nii.gz"
                    ]
                ],
                "fw_fwf": [
                    [
                        {
                            "id": "test",
                            "single_end": false
                        },
                        "test__fwf.nii.gz"
                    ]
                ],
                "fw_nrmse": [
                    [
                        {
                            "id": "test",
                            "single_end": false
                        },
                        "test__nrmse.nii.gz"
                    ]
                ],
                "versions": [
                    "versions.yml:md5,689b2c4f00690ac95de93f6175661a17",
                    "versions.yml:md5,9fe765550b2a3f33e52de7bdd91daf0b",
                    "versions.yml:md5,a223178747e3c47275c80317e23f35a6"
                ]
            }
        ],
        "meta": {
            "nf-test": "0.9.3",
            "nextflow": "25.04.8"
        },
        "timestamp": "2026-01-06T21:39:28.970849"
    },
    "reconst_fw_noddi - noddi - custom priors": {
        "content": [
            {
                "noddi_dir": [
                    [
                        {
                            "id": "test",
                            "single_end": false
                        },
                        "test__dir.nii.gz"
                    ]
                ],
                "noddi_ecvf": [
                    [
                        {
                            "id": "test",
                            "single_end": false
                        },
                        "test__ecvf.nii.gz"
                    ]
                ],
                "noddi_icvf": [
                    [
                        {
                            "id": "test",
                            "single_end": false
                        },
                        "test__icvf.nii.gz"
                    ]
                ],
                "noddi_isovf": [
                    [
                        {
                            "id": "test",
                            "single_end": false
                        },
                        "test__isovf.nii.gz"
                    ]
                ],
                "noddi_odi": [
                    [
                        {
                            "id": "test",
                            "single_end": false
                        },
                        "test__odi.nii.gz"
                    ]
                ],
                "versions": [
                    "versions.yml:md5,0576c1fdab3c59610cd67015e8146f95"
                ]
            }
        ],
        "meta": {
            "nf-test": "0.9.3",
            "nextflow": "25.04.8"
        },
        "timestamp": "2026-01-07T13:01:52.180681"
    },
    "reconst_fw_noddi - noddi & freewater - custom priors subject-bound": {
        "content": [
            {
                "fw_dir": [
                    [
                        {
                            "id": "test",
                            "single_end": false
                        },
                        "test__dir.nii.gz"
                    ]
                ],
                "fw_dti_ad": [
                    [
                        {
                            "id": "test",
                            "single_end": false
                        },
                        "test__ad.nii.gz"
                    ]
                ],
                "fw_dti_evals": [
                    [
                        {
                            "id": "test",
                            "single_end": false
                        },
                        "test__evals.nii.gz"
                    ]
                ],
                "fw_dti_evecs": [
                    [
                        {
                            "id": "test",
                            "single_end": false
                        },
                        "test__evecs.nii.gz"
                    ]
                ],
                "fw_dti_fa": [
                    [
                        {
                            "id": "test",
                            "single_end": false
                        },
                        "test__fa.nii.gz"
                    ]
                ],
                "fw_dti_ga": [
                    [
                        {
                            "id": "test",
                            "single_end": false
                        },
                        "test__ga.nii.gz"
                    ]
                ],
                "fw_dti_md": [
                    [
                        {
                            "id": "test",
                            "single_end": false
                        },
                        "test__md.nii.gz"
                    ]
                ],
                "fw_dti_mode": [
                    [
                        {
                            "id": "test",
                            "single_end": false
                        },
                        "test__mode.nii.gz"
                    ]
                ],
                "fw_dti_norm": [
                    [
                        {
                            "id": "test",
                            "single_end": false
                        },
                        "test__norm.nii.gz"
                    ]
                ],
                "fw_dti_peaks": [
                    [
                        {
                            "id": "test",
                            "single_end": false
                        },
                        "test__evecs_v1.nii.gz"
                    ]
                ],
                "fw_dti_rd": [
                    [
                        {
                            "id": "test",
                            "single_end": false
                        },
                        "test__rd.nii.gz"
                    ]
                ],
                "fw_dti_residual": [
                    [
                        {
                            "id": "test",
                            "single_end": false
                        },
                        "test__residual.nii.gz"
                    ]
                ],
                "fw_dti_rgb": [
                    [
                        {
                            "id": "test",
                            "single_end": false
                        },
                        "test__rgb.nii.gz"
                    ]
                ],
                "fw_dti_tensor": [
                    [
                        {
                            "id": "test",
                            "single_end": false
                        },
                        "test__tensor.nii.gz"
                    ]
                ],
                "fw_dwi": [
                    [
                        {
                            "id": "test",
                            "single_end": false
                        },
                        "test__dwi_fw_corrected.nii.gz"
                    ]
                ],
                "fw_fibervolume": [
                    [
                        {
                            "id": "test",
                            "single_end": false
                        },
                        "test__fibervolume.nii.gz"
                    ]
                ],
                "fw_fwf": [
                    [
                        {
                            "id": "test",
                            "single_end": false
                        },
                        "test__fwf.nii.gz"
                    ]
                ],
                "fw_nrmse": [
                    [
                        {
                            "id": "test",
                            "single_end": false
                        },
                        "test__nrmse.nii.gz"
                    ]
                ],
                "noddi_dir": [
                    [
                        {
                            "id": "test",
                            "single_end": false
                        },
                        "test__dir.nii.gz"
                    ]
                ],
                "noddi_ecvf": [
                    [
                        {
                            "id": "test",
                            "single_end": false
                        },
                        "test__ecvf.nii.gz"
                    ]
                ],
                "noddi_icvf": [
                    [
                        {
                            "id": "test",
                            "single_end": false
                        },
                        "test__icvf.nii.gz"
                    ]
                ],
                "noddi_isovf": [
                    [
                        {
                            "id": "test",
                            "single_end": false
                        },
                        "test__isovf.nii.gz"
                    ]
                ],
                "noddi_odi": [
                    [
                        {
                            "id": "test",
                            "single_end": false
                        },
                        "test__odi.nii.gz"
                    ]
                ],
                "versions": [
                    "versions.yml:md5,0576c1fdab3c59610cd67015e8146f95",
                    "versions.yml:md5,689b2c4f00690ac95de93f6175661a17",
                    "versions.yml:md5,a223178747e3c47275c80317e23f35a6"
                ]
            }
        ],
        "meta": {
            "nf-test": "0.9.3",
            "nextflow": "25.04.8"
        },
        "timestamp": "2026-01-07T13:01:33.794529"
    }
}