{
    "segmentation - freesurferseg - lesion": {
        "content": [
            {
                "0": [
                    [
                        {
                            "id": "test",
                            "single_end": false
                        },
                        "test__mask_wm.nii.gz:md5,0771113b8a34511a2d89532e3d10c8b6"
                    ]
                ],
                "1": [
                    [
                        {
                            "id": "test",
                            "single_end": false
                        },
                        "test__mask_gm.nii.gz:md5,e32a7076278321b90376b08c1ac7a0d4"
                    ]
                ],
                "2": [
                    [
                        {
                            "id": "test",
                            "single_end": false
                        },
                        "test__mask_csf.nii.gz:md5,2e291970479651f014b702f296cc0dd5"
                    ]
                ],
                "3": [
                    "versions.yml:md5,6235e7e5bc2cf8cdd1830e345fa7fdaa"
                ],
                "csf_mask": [
                    [
                        {
                            "id": "test",
                            "single_end": false
                        },
                        "test__mask_csf.nii.gz:md5,2e291970479651f014b702f296cc0dd5"
                    ]
                ],
                "gm_mask": [
                    [
                        {
                            "id": "test",
                            "single_end": false
                        },
                        "test__mask_gm.nii.gz:md5,e32a7076278321b90376b08c1ac7a0d4"
                    ]
                ],
                "versions": [
                    "versions.yml:md5,6235e7e5bc2cf8cdd1830e345fa7fdaa"
                ],
                "wm_mask": [
                    [
                        {
                            "id": "test",
                            "single_end": false
                        },
                        "test__mask_wm.nii.gz:md5,0771113b8a34511a2d89532e3d10c8b6"
                    ]
                ]
            }
        ],
        "meta": {
            "nf-test": "0.9.3",
            "nextflow": "25.10.2"
        },
        "timestamp": "2026-02-26T22:39:12.882979656"
    },
    "segmentation - freesurferseg - stub-run": {
        "content": [
            [
                "versions.yml:md5,6235e7e5bc2cf8cdd1830e345fa7fdaa"
            ]
        ],
        "meta": {
            "nf-test": "0.9.3",
            "nextflow": "25.10.2"
        },
        "timestamp": "2026-02-26T22:39:20.762637249"
    },
    "segmentation - freesurferseg": {
        "content": [
            {
                "0": [
                    [
                        {
                            "id": "test",
                            "single_end": false
                        },
                        "test__mask_wm.nii.gz:md5,0771113b8a34511a2d89532e3d10c8b6"
                    ]
                ],
                "1": [
                    [
                        {
                            "id": "test",
                            "single_end": false
                        },
                        "test__mask_gm.nii.gz:md5,e32a7076278321b90376b08c1ac7a0d4"
                    ]
                ],
                "2": [
                    [
                        {
                            "id": "test",
                            "single_end": false
                        },
                        "test__mask_csf.nii.gz:md5,2e291970479651f014b702f296cc0dd5"
                    ]
                ],
                "3": [
                    "versions.yml:md5,6235e7e5bc2cf8cdd1830e345fa7fdaa"
                ],
                "csf_mask": [
                    [
                        {
                            "id": "test",
                            "single_end": false
                        },
                        "test__mask_csf.nii.gz:md5,2e291970479651f014b702f296cc0dd5"
                    ]
                ],
                "gm_mask": [
                    [
                        {
                            "id": "test",
                            "single_end": false
                        },
                        "test__mask_gm.nii.gz:md5,e32a7076278321b90376b08c1ac7a0d4"
                    ]
                ],
                "versions": [
                    "versions.yml:md5,6235e7e5bc2cf8cdd1830e345fa7fdaa"
                ],
                "wm_mask": [
                    [
                        {
                            "id": "test",
                            "single_end": false
                        },
                        "test__mask_wm.nii.gz:md5,0771113b8a34511a2d89532e3d10c8b6"
                    ]
                ]
            }
        ],
        "meta": {
            "nf-test": "0.9.3",
            "nextflow": "25.10.2"
        },
        "timestamp": "2026-02-26T22:37:02.572532017"
    }
}