{
    "bundle - recognize - params": {
        "content": [
            {
                "bundles": [
                    [
                        {
                            "id": "test",
                            "single_end": false
                        },
                        "test_bundle_1_cleaned.trk",
                        "test_bundle_2_cleaned.trk",
                        "test_bundle_3_cleaned.trk",
                        "test_bundle_4_cleaned.trk",
                        "test_bundle_5_cleaned.trk"
                    ]
                ],
                "versions": [
                    "versions.yml:md5,2e5944c82b8e93d3f1c322d9edc23c78"
                ]
            }
        ],
        "meta": {
            "nf-test": "0.9.3",
            "nextflow": "25.10.2"
        },
        "timestamp": "2026-02-26T14:09:40.903595204"
    },
    "bundle - recognize - stub-run": {
        "content": [
            {
                "bundles": [
                    [
                        {
                            "id": "test",
                            "single_end": false
                        },
                        "test_AF_L_cleaned.trk"
                    ]
                ],
                "bundles_mqc": [
                    [
                        {
                            "id": "test",
                            "single_end": false
                        },
                        "test__bundles_mosaic_mqc.png"
                    ]
                ],
                "stats_mqc": [
                    [
                        {
                            "id": "test",
                            "single_end": false
                        },
                        "test__bundles_stats_mqc.json"
                    ]
                ],
                "versions": [
                    "versions.yml:md5,2e5944c82b8e93d3f1c322d9edc23c78"
                ]
            }
        ],
        "meta": {
            "nf-test": "0.9.3",
            "nextflow": "25.10.2"
        },
        "timestamp": "2026-02-26T14:09:55.927960008"
    },
    "bundle - recognize - base": {
        "content": [
            {
                "bundles": [
                    [
                        {
                            "id": "test",
                            "single_end": false
                        },
                        "test_bundle_1_cleaned.trk",
                        "test_bundle_2_cleaned.trk",
                        "test_bundle_3_cleaned.trk",
                        "test_bundle_4_cleaned.trk",
                        "test_bundle_5_cleaned.trk"
                    ]
                ],
                "versions": [
                    "versions.yml:md5,2e5944c82b8e93d3f1c322d9edc23c78"
                ]
            }
        ],
        "meta": {
            "nf-test": "0.9.3",
            "nextflow": "25.10.2"
        },
        "timestamp": "2026-02-26T14:09:21.318357358"
    }
}