{
    "bundle - labelmap - stub-run": {
        "content": [
            [
                "versions.yml:md5,65748b06ceb7d196234b57d13e38db45"
            ]
        ],
        "meta": {
            "nf-test": "0.9.3",
            "nextflow": "25.10.2"
        },
        "timestamp": "2026-02-26T14:09:01.592392656"
    },
    "bundle - labelmap": {
        "content": [
            [
                "versions.yml:md5,65748b06ceb7d196234b57d13e38db45"
            ],
            "test__IFGWM_labels.nii.gz",
            "test__IFGWM_labels.trk",
            "test__IFGWM_distances.nii.gz",
            "test__IFGWM_distances.trk"
        ],
        "meta": {
            "nf-test": "0.9.3",
            "nextflow": "25.10.2"
        },
        "timestamp": "2026-02-26T14:08:55.710408429"
    }
}