{
    "tractometry_with_centroids": {
        "content": [
            {
                "bundles": [
                    [
                        {
                            "id": "test",
                            "single_end": false
                        },
                        "test__test__AF_L_labels_uniformized.trk",
                        "test__test__AF_R_labels_uniformized.trk"
                    ]
                ],
                "endpoints_head": [
                    [
                        {
                            "id": "test",
                            "single_end": false
                        },
                        "test_endpoints_map_head.nii.gz"
                    ]
                ],
                "endpoints_tail": [
                    [
                        {
                            "id": "test",
                            "single_end": false
                        },
                        "test_endpoints_map_tail.nii.gz"
                    ]
                ],
                "lesion_map": [
                    [
                        {
                            "id": "test",
                            "single_end": false
                        },
                        "test_lesion_map.nii.gz"
                    ]
                ],
                "mean_lesions_tsv": [
                    [
                        {
                            "id": "test",
                            "single_end": false
                        },
                        "test_desc-mean_param-lesions_stats.tsv"
                    ]
                ],
                "mean_per_point_lesions_tsv": [
                    [
                        {
                            "id": "test",
                            "single_end": false
                        },
                        "test_desc-point_param-lesions_stats.tsv"
                    ]
                ],
                "mean_per_point_tsv": [
                    [
                        {
                            "id": "test",
                            "single_end": false
                        },
                        "test_desc-point_stats.tsv"
                    ]
                ],
                "mean_tsv": [
                    [
                        {
                            "id": "test",
                            "single_end": false
                        },
                        "test_desc-mean_stats.tsv"
                    ]
                ],
                "stat_endpoints_metric": [
                    [
                        {
                            "id": "test",
                            "single_end": false
                        },
                        "test__endpoints_metric_stats.json"
                    ]
                ],
                "stat_endpoints_raw": [
                    [
                        {
                            "id": "test",
                            "single_end": false
                        },
                        "test__endpoints_map_raw.json"
                    ]
                ],
                "stat_length": [
                    [
                        {
                            "id": "test",
                            "single_end": false
                        },
                        "test__length_stats.json"
                    ]
                ],
                "stat_lesion_stats": [
                    [
                        {
                            "id": "test",
                            "single_end": false
                        },
                        "test__lesion_stats.json"
                    ]
                ],
                "stat_mean_std": [
                    [
                        {
                            "id": "test",
                            "single_end": false
                        },
                        "test__mean_std.json"
                    ]
                ],
                "stat_mean_std_per_point": [
                    [
                        {
                            "id": "test",
                            "single_end": false
                        },
                        "test__mean_std_per_point.json"
                    ]
                ],
                "stat_streamline_count": [
                    [
                        {
                            "id": "test",
                            "single_end": false
                        },
                        "test__streamline_count.json"
                    ]
                ],
                "stat_streamline_count_lesions": [
                    [
                        {
                            "id": "test",
                            "single_end": false
                        },
                        "test__streamline_count_lesions.json"
                    ]
                ],
                "stat_volume": [
                    [
                        {
                            "id": "test",
                            "single_end": false
                        },
                        "test__volume.json"
                    ]
                ],
                "stat_volume_lesions": [
                    [
                        {
                            "id": "test",
                            "single_end": false
                        },
                        "test__volume_lesions.json"
                    ]
                ],
                "stat_volume_per_labels": [
                    [
                        {
                            "id": "test",
                            "single_end": false
                        },
                        "test__volume_per_label.json"
                    ]
                ],
                "stat_volume_per_labels_lesions": [
                    [
                        {
                            "id": "test",
                            "single_end": false
                        },
                        "test__volume_per_label_lesions.json"
                    ]
                ],
                "versions": [
                    "versions.yml:md5,5289aecc6e751c65ce29832a1fe4f2dd",
                    "versions.yml:md5,74a2286b7b4dc5081a88d5d62696abbe",
                    "versions.yml:md5,7fa093cc30b9e7496f74f07984193fb7",
                    "versions.yml:md5,8ba139fdcda3b8c48d20acf00268140e",
                    "versions.yml:md5,9ffde4e41677e319dcb15e20cecd726e"
                ]
            }
        ],
        "meta": {
            "nf-test": "0.9.3",
            "nextflow": "25.10.2"
        },
        "timestamp": "2026-02-26T15:54:19.426714955"
    },
    "tractometry_without_centroids": {
        "content": [
            {
                "bundles": [
                    [
                        {
                            "id": "test",
                            "single_end": false
                        },
                        "test__test__AF_L_labels_uniformized.trk",
                        "test__test__AF_R_labels_uniformized.trk"
                    ]
                ],
                "endpoints_head": [
                    [
                        {
                            "id": "test",
                            "single_end": false
                        },
                        "test_endpoints_map_head.nii.gz"
                    ]
                ],
                "endpoints_tail": [
                    [
                        {
                            "id": "test",
                            "single_end": false
                        },
                        "test_endpoints_map_tail.nii.gz"
                    ]
                ],
                "lesion_map": [
                    [
                        {
                            "id": "test",
                            "single_end": false
                        },
                        "test_lesion_map.nii.gz"
                    ]
                ],
                "mean_lesions_tsv": [
                    [
                        {
                            "id": "test",
                            "single_end": false
                        },
                        "test_desc-mean_param-lesions_stats.tsv"
                    ]
                ],
                "mean_per_point_lesions_tsv": [
                    [
                        {
                            "id": "test",
                            "single_end": false
                        },
                        "test_desc-point_param-lesions_stats.tsv"
                    ]
                ],
                "mean_per_point_tsv": [
                    [
                        {
                            "id": "test",
                            "single_end": false
                        },
                        "test_desc-point_stats.tsv"
                    ]
                ],
                "mean_tsv": [
                    [
                        {
                            "id": "test",
                            "single_end": false
                        },
                        "test_desc-mean_stats.tsv"
                    ]
                ],
                "stat_endpoints_metric": [
                    [
                        {
                            "id": "test",
                            "single_end": false
                        },
                        "test__endpoints_metric_stats.json"
                    ]
                ],
                "stat_endpoints_raw": [
                    [
                        {
                            "id": "test",
                            "single_end": false
                        },
                        "test__endpoints_map_raw.json"
                    ]
                ],
                "stat_length": [
                    [
                        {
                            "id": "test",
                            "single_end": false
                        },
                        "test__length_stats.json"
                    ]
                ],
                "stat_lesion_stats": [
                    [
                        {
                            "id": "test",
                            "single_end": false
                        },
                        "test__lesion_stats.json"
                    ]
                ],
                "stat_mean_std": [
                    [
                        {
                            "id": "test",
                            "single_end": false
                        },
                        "test__mean_std.json"
                    ]
                ],
                "stat_mean_std_per_point": [
                    [
                        {
                            "id": "test",
                            "single_end": false
                        },
                        "test__mean_std_per_point.json"
                    ]
                ],
                "stat_streamline_count": [
                    [
                        {
                            "id": "test",
                            "single_end": false
                        },
                        "test__streamline_count.json"
                    ]
                ],
                "stat_streamline_count_lesions": [
                    [
                        {
                            "id": "test",
                            "single_end": false
                        },
                        "test__streamline_count_lesions.json"
                    ]
                ],
                "stat_volume": [
                    [
                        {
                            "id": "test",
                            "single_end": false
                        },
                        "test__volume.json"
                    ]
                ],
                "stat_volume_lesions": [
                    [
                        {
                            "id": "test",
                            "single_end": false
                        },
                        "test__volume_lesions.json"
                    ]
                ],
                "stat_volume_per_labels": [
                    [
                        {
                            "id": "test",
                            "single_end": false
                        },
                        "test__volume_per_label.json"
                    ]
                ],
                "stat_volume_per_labels_lesions": [
                    [
                        {
                            "id": "test",
                            "single_end": false
                        },
                        "test__volume_per_label_lesions.json"
                    ]
                ],
                "versions": [
                    "versions.yml:md5,073d90b89f1b64ce495c0f1c19302652",
                    "versions.yml:md5,093b5ceefcac25bae148e146e9dc60a6",
                    "versions.yml:md5,5289aecc6e751c65ce29832a1fe4f2dd",
                    "versions.yml:md5,74a2286b7b4dc5081a88d5d62696abbe",
                    "versions.yml:md5,7fa093cc30b9e7496f74f07984193fb7",
                    "versions.yml:md5,8ba139fdcda3b8c48d20acf00268140e"
                ]
            }
        ],
        "meta": {
            "nf-test": "0.9.3",
            "nextflow": "25.10.2"
        },
        "timestamp": "2026-02-26T15:54:54.636210701"
    }
}