{
    "utils - extractb0 - mean": {
        "content": [
            {
                "0": [
                    [
                        {
                            "id": "test",
                            "single_end": false
                        },
                        "test_b0.nii.gz:md5,91288914a80e7866ef8b08a363d617f9"
                    ]
                ],
                "1": [
                    "versions.yml:md5,fad61b149ccbcf6af7c461efe4dbfdb8"
                ],
                "b0": [
                    [
                        {
                            "id": "test",
                            "single_end": false
                        },
                        "test_b0.nii.gz:md5,91288914a80e7866ef8b08a363d617f9"
                    ]
                ],
                "versions": [
                    "versions.yml:md5,fad61b149ccbcf6af7c461efe4dbfdb8"
                ]
            }
        ],
        "meta": {
            "nf-test": "0.9.3",
            "nextflow": "25.10.2"
        },
        "timestamp": "2026-02-26T21:46:05.442335114"
    },
    "utils - extractb0 - all4d": {
        "content": [
            {
                "0": [
                    [
                        {
                            "id": "test",
                            "single_end": false
                        },
                        "test_b0.nii.gz:md5,2066111f2b964735a168d6c653ba1a8b"
                    ]
                ],
                "1": [
                    "versions.yml:md5,fad61b149ccbcf6af7c461efe4dbfdb8"
                ],
                "b0": [
                    [
                        {
                            "id": "test",
                            "single_end": false
                        },
                        "test_b0.nii.gz:md5,2066111f2b964735a168d6c653ba1a8b"
                    ]
                ],
                "versions": [
                    "versions.yml:md5,fad61b149ccbcf6af7c461efe4dbfdb8"
                ]
            }
        ],
        "meta": {
            "nf-test": "0.9.3",
            "nextflow": "25.10.2"
        },
        "timestamp": "2026-02-26T21:45:45.438834491"
    },
    "utils - extractb0 - stub-run": {
        "content": [
            [
                "versions.yml:md5,fad61b149ccbcf6af7c461efe4dbfdb8"
            ]
        ],
        "meta": {
            "nf-test": "0.9.3",
            "nextflow": "25.10.2"
        },
        "timestamp": "2026-02-26T21:46:10.513921549"
    },
    "utils - extractb0": {
        "content": [
            {
                "0": [
                    [
                        {
                            "id": "test",
                            "single_end": false
                        },
                        "test_b0.nii.gz:md5,91288914a80e7866ef8b08a363d617f9"
                    ]
                ],
                "1": [
                    "versions.yml:md5,fad61b149ccbcf6af7c461efe4dbfdb8"
                ],
                "b0": [
                    [
                        {
                            "id": "test",
                            "single_end": false
                        },
                        "test_b0.nii.gz:md5,91288914a80e7866ef8b08a363d617f9"
                    ]
                ],
                "versions": [
                    "versions.yml:md5,fad61b149ccbcf6af7c461efe4dbfdb8"
                ]
            }
        ],
        "meta": {
            "nf-test": "0.9.3",
            "nextflow": "25.10.2"
        },
        "timestamp": "2026-02-26T21:45:40.460043521"
    },
    "utils - extractb0 - clustermean": {
        "content": [
            {
                "0": [
                    [
                        {
                            "id": "test",
                            "single_end": false
                        },
                        "test_b0.nii.gz:md5,feb9010e5b72fc6f0c814f9dd54cb710"
                    ]
                ],
                "1": [
                    "versions.yml:md5,fad61b149ccbcf6af7c461efe4dbfdb8"
                ],
                "b0": [
                    [
                        {
                            "id": "test",
                            "single_end": false
                        },
                        "test_b0.nii.gz:md5,feb9010e5b72fc6f0c814f9dd54cb710"
                    ]
                ],
                "versions": [
                    "versions.yml:md5,fad61b149ccbcf6af7c461efe4dbfdb8"
                ]
            }
        ],
        "meta": {
            "nf-test": "0.9.3",
            "nextflow": "25.10.2"
        },
        "timestamp": "2026-02-26T21:46:00.444860018"
    },
    "utils - extractb0 - clusterfirst": {
        "content": [
            {
                "0": [
                    [
                        {
                            "id": "test",
                            "single_end": false
                        },
                        "test_b0.nii.gz:md5,27e4aa847d60b2154d8865d19ba3e06e"
                    ]
                ],
                "1": [
                    "versions.yml:md5,fad61b149ccbcf6af7c461efe4dbfdb8"
                ],
                "b0": [
                    [
                        {
                            "id": "test",
                            "single_end": false
                        },
                        "test_b0.nii.gz:md5,27e4aa847d60b2154d8865d19ba3e06e"
                    ]
                ],
                "versions": [
                    "versions.yml:md5,fad61b149ccbcf6af7c461efe4dbfdb8"
                ]
            }
        ],
        "meta": {
            "nf-test": "0.9.3",
            "nextflow": "25.10.2"
        },
        "timestamp": "2026-02-26T21:45:55.406228795"
    },
    "utils - extractb0 - allseries": {
        "content": [
            {
                "0": [
                    [
                        {
                            "id": "test",
                            "single_end": false
                        },
                        "test_b0.nii.gz:md5,2066111f2b964735a168d6c653ba1a8b"
                    ]
                ],
                "1": [
                    "versions.yml:md5,fad61b149ccbcf6af7c461efe4dbfdb8"
                ],
                "b0": [
                    [
                        {
                            "id": "test",
                            "single_end": false
                        },
                        "test_b0.nii.gz:md5,2066111f2b964735a168d6c653ba1a8b"
                    ]
                ],
                "versions": [
                    "versions.yml:md5,fad61b149ccbcf6af7c461efe4dbfdb8"
                ]
            }
        ],
        "meta": {
            "nf-test": "0.9.3",
            "nextflow": "25.10.2"
        },
        "timestamp": "2026-02-26T21:45:50.479400627"
    }
}